
  .   ____          _            __ _ _
 /\\ / ___'_ __ _ _(_)_ __  __ _ \ \ \ \
( ( )\___ | '_ | '_| | '_ \/ _` | \ \ \ \
 \\/  ___)| |_)| | | | | || (_| |  ) ) ) )
  '  |____| .__|_| |_|_| |_\__, | / / / /
 =========|_|==============|___/=/_/_/_/
 :: Spring Boot ::                (v3.2.5)

2026-07-06T23:21:29.641+02:00  INFO 1670 --- [infra-eureka-server] [           main] c.winx.eureka.EurekaServerApplication    : Starting EurekaServerApplication using Java 21.0.11 with PID 1670 (/Users/maede/Library/CloudStorage/OneDrive-FHDortmund/UNI/DMSA/Project/TheWinx/Assignment05/Task2/infra-eureka-server/target/classes started by maede in /Users/maede/Library/CloudStorage/OneDrive-FHDortmund/UNI/DMSA/Project/TheWinx/Assignment05/Task2/infra-eureka-server)
2026-07-06T23:21:29.643+02:00  INFO 1670 --- [infra-eureka-server] [           main] c.winx.eureka.EurekaServerApplication    : No active profile set, falling back to 1 default profile: "default"
2026-07-06T23:21:29.964+02:00  INFO 1670 --- [infra-eureka-server] [           main] o.s.cloud.context.scope.GenericScope     : BeanFactory id=8f3ec10f-59cd-397d-82f3-7da97306a40e
2026-07-06T23:21:29.982+02:00  WARN 1670 --- [infra-eureka-server] [           main] trationDelegate$BeanPostProcessorChecker : Bean 'org.springframework.cloud.client.loadbalancer.LoadBalancerAutoConfiguration$DeferringLoadBalancerInterceptorConfig' of type [org.springframework.cloud.client.loadbalancer.LoadBalancerAutoConfiguration$DeferringLoadBalancerInterceptorConfig] is not eligible for getting processed by all BeanPostProcessors (for example: not eligible for auto-proxying). The currently created BeanPostProcessor [lbRestClientPostProcessor] is declared through a non-static factory method on that class; consider declaring it as static instead.
2026-07-06T23:21:29.983+02:00  WARN 1670 --- [infra-eureka-server] [           main] trationDelegate$BeanPostProcessorChecker : Bean 'deferringLoadBalancerInterceptor' of type [org.springframework.cloud.client.loadbalancer.DeferringLoadBalancerInterceptor] is not eligible for getting processed by all BeanPostProcessors (for example: not eligible for auto-proxying). Is this bean getting eagerly injected into a currently created BeanPostProcessor [lbRestClientPostProcessor]? Check the corresponding BeanPostProcessor declaration and its dependencies.
2026-07-06T23:21:30.056+02:00  INFO 1670 --- [infra-eureka-server] [           main] o.s.b.w.embedded.tomcat.TomcatWebServer  : Tomcat initialized with port 8761 (http)
2026-07-06T23:21:30.060+02:00  INFO 1670 --- [infra-eureka-server] [           main] o.apache.catalina.core.StandardService   : Starting service [Tomcat]
2026-07-06T23:21:30.060+02:00  INFO 1670 --- [infra-eureka-server] [           main] o.apache.catalina.core.StandardEngine    : Starting Servlet engine: [Apache Tomcat/10.1.20]
2026-07-06T23:21:30.080+02:00  INFO 1670 --- [infra-eureka-server] [           main] o.a.c.c.C.[Tomcat].[localhost].[/]       : Initializing Spring embedded WebApplicationContext
2026-07-06T23:21:30.080+02:00  INFO 1670 --- [infra-eureka-server] [           main] w.s.c.ServletWebServerApplicationContext : Root WebApplicationContext: initialization completed in 415 ms
2026-07-06T23:21:30.357+02:00  INFO 1670 --- [infra-eureka-server] [           main] c.n.d.provider.DiscoveryJerseyProvider   : Using JSON encoding codec LegacyJacksonJson
2026-07-06T23:21:30.357+02:00  INFO 1670 --- [infra-eureka-server] [           main] c.n.d.provider.DiscoveryJerseyProvider   : Using JSON decoding codec LegacyJacksonJson
2026-07-06T23:21:30.407+02:00  INFO 1670 --- [infra-eureka-server] [           main] c.n.d.provider.DiscoveryJerseyProvider   : Using XML encoding codec XStreamXml
2026-07-06T23:21:30.407+02:00  INFO 1670 --- [infra-eureka-server] [           main] c.n.d.provider.DiscoveryJerseyProvider   : Using XML decoding codec XStreamXml
2026-07-06T23:21:30.635+02:00  WARN 1670 --- [infra-eureka-server] [           main] iguration$LoadBalancerCaffeineWarnLogger : Spring Cloud LoadBalancer is currently working with the default cache. While this cache implementation is useful for development and tests, it's recommended to use Caffeine cache in production.You can switch to using Caffeine cache, by adding it and org.springframework.cache.caffeine.CaffeineCacheManager to the classpath.
2026-07-06T23:21:30.641+02:00  INFO 1670 --- [infra-eureka-server] [           main] o.s.c.n.eureka.InstanceInfoFactory       : Setting initial instance status as: STARTING
2026-07-06T23:21:30.647+02:00  INFO 1670 --- [infra-eureka-server] [           main] com.netflix.discovery.DiscoveryClient    : Initializing Eureka in region us-east-1
2026-07-06T23:21:30.647+02:00  INFO 1670 --- [infra-eureka-server] [           main] com.netflix.discovery.DiscoveryClient    : Client configured to neither register nor query for data.
2026-07-06T23:21:30.650+02:00  INFO 1670 --- [infra-eureka-server] [           main] com.netflix.discovery.DiscoveryClient    : Discovery Client initialized at timestamp 1783372890649 with initial instances count: 0
2026-07-06T23:21:30.660+02:00  INFO 1670 --- [infra-eureka-server] [           main] c.n.eureka.DefaultEurekaServerContext    : Initializing ...
2026-07-06T23:21:30.660+02:00  WARN 1670 --- [infra-eureka-server] [           main] c.n.eureka.cluster.PeerEurekaNodes       : The replica size seems to be empty. Check the route 53 DNS Registry
2026-07-06T23:21:30.685+02:00  INFO 1670 --- [infra-eureka-server] [           main] c.n.e.registry.AbstractInstanceRegistry  : Finished initializing remote region registries. All known remote regions: []
2026-07-06T23:21:30.685+02:00  INFO 1670 --- [infra-eureka-server] [           main] c.n.eureka.DefaultEurekaServerContext    : Initialized
2026-07-06T23:21:30.689+02:00  INFO 1670 --- [infra-eureka-server] [           main] o.s.b.a.e.web.EndpointLinksResolver      : Exposing 1 endpoint(s) beneath base path '/actuator'
2026-07-06T23:21:30.704+02:00  INFO 1670 --- [infra-eureka-server] [           main] o.s.c.n.e.s.EurekaServiceRegistry        : Registering application INFRA-EUREKA-SERVER with eureka with status UP
2026-07-06T23:21:30.707+02:00  INFO 1670 --- [infra-eureka-server] [       Thread-9] o.s.c.n.e.server.EurekaServerBootstrap   : isAws returned false
2026-07-06T23:21:30.708+02:00  INFO 1670 --- [infra-eureka-server] [       Thread-9] o.s.c.n.e.server.EurekaServerBootstrap   : Initialized server context
2026-07-06T23:21:30.708+02:00  INFO 1670 --- [infra-eureka-server] [       Thread-9] c.n.e.r.PeerAwareInstanceRegistryImpl    : Got 1 instances from neighboring DS node
2026-07-06T23:21:30.708+02:00  INFO 1670 --- [infra-eureka-server] [       Thread-9] c.n.e.r.PeerAwareInstanceRegistryImpl    : Renew threshold is: 1
2026-07-06T23:21:30.708+02:00  INFO 1670 --- [infra-eureka-server] [       Thread-9] c.n.e.r.PeerAwareInstanceRegistryImpl    : Changing status to UP
2026-07-06T23:21:30.711+02:00  INFO 1670 --- [infra-eureka-server] [       Thread-9] e.s.EurekaServerInitializerConfiguration : Started Eureka Server
2026-07-06T23:21:30.712+02:00  INFO 1670 --- [infra-eureka-server] [           main] o.s.b.w.embedded.tomcat.TomcatWebServer  : Tomcat started on port 8761 (http) with context path ''
2026-07-06T23:21:30.712+02:00  INFO 1670 --- [infra-eureka-server] [           main] .s.c.n.e.s.EurekaAutoServiceRegistration : Updating port to 8761
2026-07-06T23:21:30.720+02:00  INFO 1670 --- [infra-eureka-server] [           main] c.winx.eureka.EurekaServerApplication    : Started EurekaServerApplication in 1.223 seconds (process running for 1.335)
2026-07-06T23:21:30.943+02:00  INFO 1670 --- [infra-eureka-server] [nio-8761-exec-1] o.a.c.c.C.[Tomcat].[localhost].[/]       : Initializing Spring DispatcherServlet 'dispatcherServlet'
2026-07-06T23:21:30.943+02:00  INFO 1670 --- [infra-eureka-server] [nio-8761-exec-1] o.s.web.servlet.DispatcherServlet        : Initializing Servlet 'dispatcherServlet'
2026-07-06T23:21:30.944+02:00  INFO 1670 --- [infra-eureka-server] [nio-8761-exec-1] o.s.web.servlet.DispatcherServlet        : Completed initialization in 1 ms
2026-07-06T23:21:35.713+02:00  INFO 1670 --- [infra-eureka-server] [a-EvictionTimer] c.n.e.registry.AbstractInstanceRegistry  : Running the evict task with compensationTime 0ms
2026-07-06T23:21:38.083+02:00  INFO 1670 --- [infra-eureka-server] [nio-8761-exec-4] c.n.e.registry.AbstractInstanceRegistry  : Registered instance INFRA-API-GATEWAY/192.168.0.106:infra-api-gateway:8080 with status UP (replication=false)
2026-07-06T23:21:39.128+02:00  INFO 1670 --- [infra-eureka-server] [nio-8761-exec-6] c.n.e.registry.AbstractInstanceRegistry  : Registered instance BC02-FLEET-MANAGEMENT/192.168.0.106:bc02-fleet-management:8082 with status UP (replication=false)
2026-07-06T23:21:39.321+02:00  INFO 1670 --- [infra-eureka-server] [nio-8761-exec-8] c.n.e.registry.AbstractInstanceRegistry  : Registered instance BC01-IDENTITY-ACCESS/192.168.0.106:bc01-identity-access:8081 with status UP (replication=false)
2026-07-06T23:21:39.793+02:00  INFO 1670 --- [infra-eureka-server] [nio-8761-exec-1] c.n.e.registry.AbstractInstanceRegistry  : Registered instance BC04-PAYMENT/192.168.0.106:bc04-payment:8084 with status UP (replication=false)
2026-07-06T23:21:39.818+02:00  INFO 1670 --- [infra-eureka-server] [nio-8761-exec-2] c.n.e.registry.AbstractInstanceRegistry  : Registered instance BC05-RATING/192.168.0.106:bc05-rating:8085 with status UP (replication=false)
2026-07-06T23:21:40.197+02:00  INFO 1670 --- [infra-eureka-server] [nio-8761-exec-4] c.n.e.registry.AbstractInstanceRegistry  : Registered instance BC03-BOOKING/192.168.0.106:bc03-booking:8083 with status UP (replication=false)
2026-07-06T23:21:40.718+02:00  INFO 1670 --- [infra-eureka-server] [a-EvictionTimer] c.n.e.registry.AbstractInstanceRegistry  : Running the evict task with compensationTime 5ms
2026-07-06T23:21:45.723+02:00  INFO 1670 --- [infra-eureka-server] [a-EvictionTimer] c.n.e.registry.AbstractInstanceRegistry  : Running the evict task with compensationTime 4ms
2026-07-06T23:21:50.728+02:00  INFO 1670 --- [infra-eureka-server] [a-EvictionTimer] c.n.e.registry.AbstractInstanceRegistry  : Running the evict task with compensationTime 4ms
2026-07-06T23:21:55.733+02:00  INFO 1670 --- [infra-eureka-server] [a-EvictionTimer] c.n.e.registry.AbstractInstanceRegistry  : Running the evict task with compensationTime 5ms
2026-07-06T23:22:00.736+02:00  INFO 1670 --- [infra-eureka-server] [a-EvictionTimer] c.n.e.registry.AbstractInstanceRegistry  : Running the evict task with compensationTime 2ms
2026-07-06T23:22:05.736+02:00  INFO 1670 --- [infra-eureka-server] [a-EvictionTimer] c.n.e.registry.AbstractInstanceRegistry  : Running the evict task with compensationTime 0ms
2026-07-06T23:22:10.741+02:00  INFO 1670 --- [infra-eureka-server] [a-EvictionTimer] c.n.e.registry.AbstractInstanceRegistry  : Running the evict task with compensationTime 4ms
2026-07-06T23:22:15.745+02:00  INFO 1670 --- [infra-eureka-server] [a-EvictionTimer] c.n.e.registry.AbstractInstanceRegistry  : Running the evict task with compensationTime 3ms
2026-07-06T23:22:20.750+02:00  INFO 1670 --- [infra-eureka-server] [a-EvictionTimer] c.n.e.registry.AbstractInstanceRegistry  : Running the evict task with compensationTime 5ms
2026-07-06T23:22:25.755+02:00  INFO 1670 --- [infra-eureka-server] [a-EvictionTimer] c.n.e.registry.AbstractInstanceRegistry  : Running the evict task with compensationTime 5ms
2026-07-06T23:22:30.760+02:00  INFO 1670 --- [infra-eureka-server] [a-EvictionTimer] c.n.e.registry.AbstractInstanceRegistry  : Running the evict task with compensationTime 4ms
2026-07-06T23:22:35.765+02:00  INFO 1670 --- [infra-eureka-server] [a-EvictionTimer] c.n.e.registry.AbstractInstanceRegistry  : Running the evict task with compensationTime 5ms
2026-07-06T23:22:40.766+02:00  INFO 1670 --- [infra-eureka-server] [a-EvictionTimer] c.n.e.registry.AbstractInstanceRegistry  : Running the evict task with compensationTime 0ms
2026-07-06T23:22:45.772+02:00  INFO 1670 --- [infra-eureka-server] [a-EvictionTimer] c.n.e.registry.AbstractInstanceRegistry  : Running the evict task with compensationTime 5ms
2026-07-06T23:22:50.472+02:00  INFO 1670 --- [infra-eureka-server] [ionShutdownHook] o.s.c.n.e.s.EurekaServiceRegistry        : Unregistering application INFRA-EUREKA-SERVER with eureka with status DOWN
2026-07-06T23:22:50.491+02:00  INFO 1670 --- [infra-eureka-server] [ionShutdownHook] o.s.c.n.e.server.EurekaServerBootstrap   : Shutting down Eureka Server..
2026-07-06T23:22:50.494+02:00  INFO 1670 --- [infra-eureka-server] [ionShutdownHook] c.n.eureka.DefaultEurekaServerContext    : Shutting down ...
2026-07-06T23:22:50.497+02:00  INFO 1670 --- [infra-eureka-server] [ionShutdownHook] c.n.eureka.DefaultEurekaServerContext    : Shut down
2026-07-06T23:22:50.498+02:00  INFO 1670 --- [infra-eureka-server] [ionShutdownHook] o.s.c.n.e.server.EurekaServerBootstrap   : Eureka Service is now shutdown...
2026-07-06T23:22:50.498+02:00  INFO 1670 --- [infra-eureka-server] [ionShutdownHook] c.n.eureka.DefaultEurekaServerContext    : Shutting down ...
2026-07-06T23:22:50.499+02:00  INFO 1670 --- [infra-eureka-server] [ionShutdownHook] c.n.eureka.DefaultEurekaServerContext    : Shut down
2026-07-06T23:22:50.501+02:00  INFO 1670 --- [infra-eureka-server] [ionShutdownHook] com.netflix.discovery.DiscoveryClient    : Shutting down DiscoveryClient ...
2026-07-06T23:22:50.502+02:00  INFO 1670 --- [infra-eureka-server] [ionShutdownHook] com.netflix.discovery.DiscoveryClient    : Completed shut down of DiscoveryClient
[ERROR] Failed to execute goal org.springframework.boot:spring-boot-maven-plugin:3.2.5:run (default-cli) on project infra-eureka-server: Process terminated with exit code: 143 -> [Help 1]
[ERROR] 
[ERROR] To see the full stack trace of the errors, re-run Maven with the -e switch.
[ERROR] Re-run Maven using the -X switch to enable full debug logging.
[ERROR] 
[ERROR] For more information about the errors and possible solutions, please read the following articles:
[ERROR] [Help 1] http://cwiki.apache.org/confluence/display/MAVEN/MojoExecutionException
