
  .   ____          _            __ _ _
 /\\ / ___'_ __ _ _(_)_ __  __ _ \ \ \ \
( ( )\___ | '_ | '_| | '_ \/ _` | \ \ \ \
 \\/  ___)| |_)| | | | | || (_| |  ) ) ) )
  '  |____| .__|_| |_|_| |_\__, | / / / /
 =========|_|==============|___/=/_/_/_/
 :: Spring Boot ::                (v3.2.5)

2026-07-06T22:52:35.128+02:00  INFO 93471 --- [bc01-identity-access] [           main] c.w.identity.IdentityAccessApplication   : Starting IdentityAccessApplication using Java 21.0.11 with PID 93471 (/Users/maede/Library/CloudStorage/OneDrive-FHDortmund/UNI/DMSA/Project/TheWinx/Assignment05/Task1/bc01-identity-access/target/classes started by maede in /Users/maede/Library/CloudStorage/OneDrive-FHDortmund/UNI/DMSA/Project/TheWinx/Assignment05/Task1/bc01-identity-access)
2026-07-06T22:52:35.129+02:00  INFO 93471 --- [bc01-identity-access] [           main] c.w.identity.IdentityAccessApplication   : No active profile set, falling back to 1 default profile: "default"
2026-07-06T22:52:35.920+02:00  INFO 93471 --- [bc01-identity-access] [           main] .s.d.r.c.RepositoryConfigurationDelegate : Bootstrapping Spring Data JPA repositories in DEFAULT mode.
2026-07-06T22:52:35.954+02:00  INFO 93471 --- [bc01-identity-access] [           main] .s.d.r.c.RepositoryConfigurationDelegate : Finished Spring Data repository scanning in 31 ms. Found 2 JPA repository interfaces.
2026-07-06T22:52:36.388+02:00  INFO 93471 --- [bc01-identity-access] [           main] o.s.b.w.embedded.tomcat.TomcatWebServer  : Tomcat initialized with port 8081 (http)
2026-07-06T22:52:36.393+02:00  INFO 93471 --- [bc01-identity-access] [           main] o.apache.catalina.core.StandardService   : Starting service [Tomcat]
2026-07-06T22:52:36.394+02:00  INFO 93471 --- [bc01-identity-access] [           main] o.apache.catalina.core.StandardEngine    : Starting Servlet engine: [Apache Tomcat/10.1.20]
2026-07-06T22:52:36.419+02:00  INFO 93471 --- [bc01-identity-access] [           main] o.a.c.c.C.[Tomcat].[localhost].[/]       : Initializing Spring embedded WebApplicationContext
2026-07-06T22:52:36.420+02:00  INFO 93471 --- [bc01-identity-access] [           main] w.s.c.ServletWebServerApplicationContext : Root WebApplicationContext: initialization completed in 1230 ms
2026-07-06T22:52:36.534+02:00  INFO 93471 --- [bc01-identity-access] [           main] com.zaxxer.hikari.HikariDataSource       : HikariPool-1 - Starting...
2026-07-06T22:52:36.641+02:00  INFO 93471 --- [bc01-identity-access] [           main] com.zaxxer.hikari.pool.HikariPool        : HikariPool-1 - Added connection conn0: url=jdbc:h2:mem:identitydb user=SA
2026-07-06T22:52:36.642+02:00  INFO 93471 --- [bc01-identity-access] [           main] com.zaxxer.hikari.HikariDataSource       : HikariPool-1 - Start completed.
2026-07-06T22:52:36.648+02:00  INFO 93471 --- [bc01-identity-access] [           main] o.s.b.a.h2.H2ConsoleAutoConfiguration    : H2 console available at '/h2-console'. Database available at 'jdbc:h2:mem:identitydb'
2026-07-06T22:52:36.755+02:00  INFO 93471 --- [bc01-identity-access] [           main] o.hibernate.jpa.internal.util.LogHelper  : HHH000204: Processing PersistenceUnitInfo [name: default]
2026-07-06T22:52:36.785+02:00  INFO 93471 --- [bc01-identity-access] [           main] org.hibernate.Version                    : HHH000412: Hibernate ORM core version 6.4.4.Final
2026-07-06T22:52:36.812+02:00  INFO 93471 --- [bc01-identity-access] [           main] o.h.c.internal.RegionFactoryInitiator    : HHH000026: Second-level cache disabled
2026-07-06T22:52:36.946+02:00  INFO 93471 --- [bc01-identity-access] [           main] o.s.o.j.p.SpringPersistenceUnitInfo      : No LoadTimeWeaver setup: ignoring JPA class transformer
2026-07-06T22:52:37.521+02:00  INFO 93471 --- [bc01-identity-access] [           main] o.h.e.t.j.p.i.JtaPlatformInitiator       : HHH000489: No JTA platform available (set 'hibernate.transaction.jta.platform' to enable JTA platform integration)
2026-07-06T22:52:37.575+02:00  INFO 93471 --- [bc01-identity-access] [           main] j.LocalContainerEntityManagerFactoryBean : Initialized JPA EntityManagerFactory for persistence unit 'default'
2026-07-06T22:52:38.313+02:00  INFO 93471 --- [bc01-identity-access] [           main] o.s.b.a.e.web.EndpointLinksResolver      : Exposing 2 endpoint(s) beneath base path '/actuator'
2026-07-06T22:52:38.350+02:00  INFO 93471 --- [bc01-identity-access] [           main] o.s.b.w.embedded.tomcat.TomcatWebServer  : Tomcat started on port 8081 (http) with context path ''
2026-07-06T22:52:38.358+02:00  INFO 93471 --- [bc01-identity-access] [           main] c.w.identity.IdentityAccessApplication   : Started IdentityAccessApplication in 3.765 seconds (process running for 4.075)
2026-07-06T22:52:38.595+02:00  INFO 93471 --- [bc01-identity-access] [           main] c.w.i.infrastructure.SeedDataRunner      : Seeded user 'Alice Example' with id=1
2026-07-06T22:52:38.680+02:00  INFO 93471 --- [bc01-identity-access] [           main] c.w.i.infrastructure.SeedDataRunner      : Seeded user 'Bob Example' with id=2
2026-07-06T22:52:38.763+02:00  INFO 93471 --- [bc01-identity-access] [           main] c.w.i.infrastructure.SeedDataRunner      : Seeded provider 'GreenWheels GmbH' with id=1
2026-07-06T22:52:38.842+02:00  INFO 93471 --- [bc01-identity-access] [           main] c.w.i.infrastructure.SeedDataRunner      : Seeded provider 'UrbanRide Inc' with id=2
2026-07-06T22:52:41.111+02:00  INFO 93471 --- [bc01-identity-access] [nio-8081-exec-1] o.a.c.c.C.[Tomcat].[localhost].[/]       : Initializing Spring DispatcherServlet 'dispatcherServlet'
2026-07-06T22:52:41.112+02:00  INFO 93471 --- [bc01-identity-access] [nio-8081-exec-1] o.s.web.servlet.DispatcherServlet        : Initializing Servlet 'dispatcherServlet'
2026-07-06T22:52:41.112+02:00  INFO 93471 --- [bc01-identity-access] [nio-8081-exec-1] o.s.web.servlet.DispatcherServlet        : Completed initialization in 0 ms
2026-07-06T22:53:13.657+02:00  INFO 93471 --- [bc01-identity-access] [ionShutdownHook] j.LocalContainerEntityManagerFactoryBean : Closing JPA EntityManagerFactory for persistence unit 'default'
2026-07-06T22:53:13.658+02:00  INFO 93471 --- [bc01-identity-access] [ionShutdownHook] com.zaxxer.hikari.HikariDataSource       : HikariPool-1 - Shutdown initiated...
2026-07-06T22:53:13.659+02:00  INFO 93471 --- [bc01-identity-access] [ionShutdownHook] com.zaxxer.hikari.HikariDataSource       : HikariPool-1 - Shutdown completed.
[ERROR] Failed to execute goal org.springframework.boot:spring-boot-maven-plugin:3.2.5:run (default-cli) on project bc01-identity-access: Process terminated with exit code: 143 -> [Help 1]
[ERROR] 
[ERROR] To see the full stack trace of the errors, re-run Maven with the -e switch.
[ERROR] Re-run Maven using the -X switch to enable full debug logging.
[ERROR] 
[ERROR] For more information about the errors and possible solutions, please read the following articles:
[ERROR] [Help 1] http://cwiki.apache.org/confluence/display/MAVEN/MojoExecutionException
