
  .   ____          _            __ _ _
 /\\ / ___'_ __ _ _(_)_ __  __ _ \ \ \ \
( ( )\___ | '_ | '_| | '_ \/ _` | \ \ \ \
 \\/  ___)| |_)| | | | | || (_| |  ) ) ) )
  '  |____| .__|_| |_|_| |_\__, | / / / /
 =========|_|==============|___/=/_/_/_/
 :: Spring Boot ::                (v3.2.5)

2026-07-06T22:52:35.570+02:00  INFO 93477 --- [bc03-booking] [           main] com.winx.booking.BookingApplication      : Starting BookingApplication using Java 21.0.11 with PID 93477 (/Users/maede/Library/CloudStorage/OneDrive-FHDortmund/UNI/DMSA/Project/TheWinx/Assignment05/Task1/bc03-booking/target/classes started by maede in /Users/maede/Library/CloudStorage/OneDrive-FHDortmund/UNI/DMSA/Project/TheWinx/Assignment05/Task1/bc03-booking)
2026-07-06T22:52:35.572+02:00  INFO 93477 --- [bc03-booking] [           main] com.winx.booking.BookingApplication      : No active profile set, falling back to 1 default profile: "default"
2026-07-06T22:52:36.322+02:00  INFO 93477 --- [bc03-booking] [           main] .s.d.r.c.RepositoryConfigurationDelegate : Bootstrapping Spring Data JPA repositories in DEFAULT mode.
2026-07-06T22:52:36.352+02:00  INFO 93477 --- [bc03-booking] [           main] .s.d.r.c.RepositoryConfigurationDelegate : Finished Spring Data repository scanning in 27 ms. Found 1 JPA repository interface.
2026-07-06T22:52:36.745+02:00  INFO 93477 --- [bc03-booking] [           main] o.s.b.w.embedded.tomcat.TomcatWebServer  : Tomcat initialized with port 8083 (http)
2026-07-06T22:52:36.753+02:00  INFO 93477 --- [bc03-booking] [           main] o.apache.catalina.core.StandardService   : Starting service [Tomcat]
2026-07-06T22:52:36.754+02:00  INFO 93477 --- [bc03-booking] [           main] o.apache.catalina.core.StandardEngine    : Starting Servlet engine: [Apache Tomcat/10.1.20]
2026-07-06T22:52:36.790+02:00  INFO 93477 --- [bc03-booking] [           main] o.a.c.c.C.[Tomcat].[localhost].[/]       : Initializing Spring embedded WebApplicationContext
2026-07-06T22:52:36.790+02:00  INFO 93477 --- [bc03-booking] [           main] w.s.c.ServletWebServerApplicationContext : Root WebApplicationContext: initialization completed in 1110 ms
2026-07-06T22:52:36.863+02:00  INFO 93477 --- [bc03-booking] [           main] com.zaxxer.hikari.HikariDataSource       : HikariPool-1 - Starting...
2026-07-06T22:52:37.001+02:00  INFO 93477 --- [bc03-booking] [           main] com.zaxxer.hikari.pool.HikariPool        : HikariPool-1 - Added connection conn0: url=jdbc:h2:mem:bookingdb user=SA
2026-07-06T22:52:37.001+02:00  INFO 93477 --- [bc03-booking] [           main] com.zaxxer.hikari.HikariDataSource       : HikariPool-1 - Start completed.
2026-07-06T22:52:37.010+02:00  INFO 93477 --- [bc03-booking] [           main] o.s.b.a.h2.H2ConsoleAutoConfiguration    : H2 console available at '/h2-console'. Database available at 'jdbc:h2:mem:bookingdb'
2026-07-06T22:52:37.132+02:00  INFO 93477 --- [bc03-booking] [           main] o.hibernate.jpa.internal.util.LogHelper  : HHH000204: Processing PersistenceUnitInfo [name: default]
2026-07-06T22:52:37.182+02:00  INFO 93477 --- [bc03-booking] [           main] org.hibernate.Version                    : HHH000412: Hibernate ORM core version 6.4.4.Final
2026-07-06T22:52:37.207+02:00  INFO 93477 --- [bc03-booking] [           main] o.h.c.internal.RegionFactoryInitiator    : HHH000026: Second-level cache disabled
2026-07-06T22:52:37.337+02:00  INFO 93477 --- [bc03-booking] [           main] o.s.o.j.p.SpringPersistenceUnitInfo      : No LoadTimeWeaver setup: ignoring JPA class transformer
2026-07-06T22:52:37.739+02:00  INFO 93477 --- [bc03-booking] [           main] o.h.e.t.j.p.i.JtaPlatformInitiator       : HHH000489: No JTA platform available (set 'hibernate.transaction.jta.platform' to enable JTA platform integration)
2026-07-06T22:52:37.796+02:00  INFO 93477 --- [bc03-booking] [           main] j.LocalContainerEntityManagerFactoryBean : Initialized JPA EntityManagerFactory for persistence unit 'default'
2026-07-06T22:52:38.003+02:00  INFO 93477 --- [bc03-booking] [           main] o.s.d.j.r.query.QueryEnhancerFactory     : Hibernate is in classpath; If applicable, HQL parser will be used.
2026-07-06T22:52:38.721+02:00  INFO 93477 --- [bc03-booking] [           main] o.s.b.a.e.web.EndpointLinksResolver      : Exposing 2 endpoint(s) beneath base path '/actuator'
2026-07-06T22:52:38.766+02:00  INFO 93477 --- [bc03-booking] [           main] o.s.b.w.embedded.tomcat.TomcatWebServer  : Tomcat started on port 8083 (http) with context path ''
2026-07-06T22:52:38.775+02:00  INFO 93477 --- [bc03-booking] [           main] com.winx.booking.BookingApplication      : Started BookingApplication in 3.462 seconds (process running for 3.7)
2026-07-06T22:52:38.801+02:00  INFO 93477 --- [bc03-booking] [           main] c.w.b.infrastructure.SeedDataLogger      : === BC-03 Booking: seeded mock data (standalone mode) ===
2026-07-06T22:52:38.801+02:00  INFO 93477 --- [bc03-booking] [           main] c.w.b.infrastructure.SeedDataLogger      :   User 1: Alice Example (born 1995-05-20)
2026-07-06T22:52:38.801+02:00  INFO 93477 --- [bc03-booking] [           main] c.w.b.infrastructure.SeedDataLogger      :   User 2: Bob Example (born 2005-01-10)
2026-07-06T22:52:38.801+02:00  INFO 93477 --- [bc03-booking] [           main] c.w.b.infrastructure.SeedDataLogger      :   User 3: Carla Example (born 1988-03-02)
2026-07-06T22:52:38.801+02:00  INFO 93477 --- [bc03-booking] [           main] c.w.b.infrastructure.SeedDataLogger      :   Vehicle 1: City bike (BIKE), 5.00 PER_HOUR per unit, status AVAILABLE, minAge null, at (51.5136, 7.4653)
2026-07-06T22:52:38.801+02:00  INFO 93477 --- [bc03-booking] [           main] c.w.b.infrastructure.SeedDataLogger      :   Vehicle 2: Electric scooter (SCOOTER), 8.50 PER_HOUR per unit, status AVAILABLE, minAge 18, at (51.515, 7.47)
2026-07-06T22:52:38.801+02:00  INFO 93477 --- [bc03-booking] [           main] c.w.b.infrastructure.SeedDataLogger      :   Vehicle 3: Compact car (CAR), 0.35 PER_KILOMETER per unit, status AVAILABLE, minAge 25, at (51.51, 7.46)
2026-07-06T22:52:38.801+02:00  INFO 93477 --- [bc03-booking] [           main] c.w.b.infrastructure.SeedDataLogger      :   Vehicle 4: Family van (CAR), 12.00 PER_HOUR per unit, status AVAILABLE, minAge 21, at (51.52, 7.475)
2026-07-06T22:52:38.801+02:00  INFO 93477 --- [bc03-booking] [           main] c.w.b.infrastructure.SeedDataLogger      : === Try: POST /api/bookings with body {"userId":1,"vehicleId":1} ===
2026-07-06T22:52:41.229+02:00  INFO 93477 --- [bc03-booking] [nio-8083-exec-1] o.a.c.c.C.[Tomcat].[localhost].[/]       : Initializing Spring DispatcherServlet 'dispatcherServlet'
2026-07-06T22:52:41.230+02:00  INFO 93477 --- [bc03-booking] [nio-8083-exec-1] o.s.web.servlet.DispatcherServlet        : Initializing Servlet 'dispatcherServlet'
2026-07-06T22:52:41.230+02:00  INFO 93477 --- [bc03-booking] [nio-8083-exec-1] o.s.web.servlet.DispatcherServlet        : Completed initialization in 0 ms
2026-07-06T22:52:57.271+02:00  INFO 93477 --- [bc03-booking] [nio-8083-exec-3] c.w.b.domain.service.BookingService      : Domain event: BookingCreated[bookingId=1, userId=1, vehicleId=1]
2026-07-06T22:52:57.356+02:00  INFO 93477 --- [bc03-booking] [nio-8083-exec-5] c.w.b.domain.service.BookingService      : Domain event: BookingCompleted[bookingId=1, totalCost=5.00]
2026-07-06T22:52:57.357+02:00  INFO 93477 --- [bc03-booking] [nio-8083-exec-5] c.w.b.domain.service.BookingService      : Domain event: PaymentTriggered[bookingId=1, amount=5.00, userId=1]
2026-07-06T22:53:13.711+02:00  INFO 93477 --- [bc03-booking] [ionShutdownHook] j.LocalContainerEntityManagerFactoryBean : Closing JPA EntityManagerFactory for persistence unit 'default'
2026-07-06T22:53:13.712+02:00  INFO 93477 --- [bc03-booking] [ionShutdownHook] com.zaxxer.hikari.HikariDataSource       : HikariPool-1 - Shutdown initiated...
2026-07-06T22:53:13.713+02:00  INFO 93477 --- [bc03-booking] [ionShutdownHook] com.zaxxer.hikari.HikariDataSource       : HikariPool-1 - Shutdown completed.
[ERROR] Failed to execute goal org.springframework.boot:spring-boot-maven-plugin:3.2.5:run (default-cli) on project bc03-booking: Process terminated with exit code: 143 -> [Help 1]
[ERROR] 
[ERROR] To see the full stack trace of the errors, re-run Maven with the -e switch.
[ERROR] Re-run Maven using the -X switch to enable full debug logging.
[ERROR] 
[ERROR] For more information about the errors and possible solutions, please read the following articles:
[ERROR] [Help 1] http://cwiki.apache.org/confluence/display/MAVEN/MojoExecutionException
