
  .   ____          _            __ _ _
 /\\ / ___'_ __ _ _(_)_ __  __ _ \ \ \ \
( ( )\___ | '_ | '_| | '_ \/ _` | \ \ \ \
 \\/  ___)| |_)| | | | | || (_| |  ) ) ) )
  '  |____| .__|_| |_|_| |_\__, | / / / /
 =========|_|==============|___/=/_/_/_/
 :: Spring Boot ::                (v3.2.5)

2026-07-06T22:52:35.926+02:00  INFO 93479 --- [bc05-rating] [           main] com.winx.rating.RatingApplication        : Starting RatingApplication using Java 21.0.11 with PID 93479 (/Users/maede/Library/CloudStorage/OneDrive-FHDortmund/UNI/DMSA/Project/TheWinx/Assignment05/Task1/bc05-rating/target/classes started by maede in /Users/maede/Library/CloudStorage/OneDrive-FHDortmund/UNI/DMSA/Project/TheWinx/Assignment05/Task1/bc05-rating)
2026-07-06T22:52:35.930+02:00  INFO 93479 --- [bc05-rating] [           main] com.winx.rating.RatingApplication        : No active profile set, falling back to 1 default profile: "default"
2026-07-06T22:52:36.577+02:00  INFO 93479 --- [bc05-rating] [           main] .s.d.r.c.RepositoryConfigurationDelegate : Bootstrapping Spring Data JPA repositories in DEFAULT mode.
2026-07-06T22:52:36.600+02:00  INFO 93479 --- [bc05-rating] [           main] .s.d.r.c.RepositoryConfigurationDelegate : Finished Spring Data repository scanning in 19 ms. Found 1 JPA repository interface.
2026-07-06T22:52:36.999+02:00  INFO 93479 --- [bc05-rating] [           main] o.s.b.w.embedded.tomcat.TomcatWebServer  : Tomcat initialized with port 8085 (http)
2026-07-06T22:52:37.008+02:00  INFO 93479 --- [bc05-rating] [           main] o.apache.catalina.core.StandardService   : Starting service [Tomcat]
2026-07-06T22:52:37.009+02:00  INFO 93479 --- [bc05-rating] [           main] o.apache.catalina.core.StandardEngine    : Starting Servlet engine: [Apache Tomcat/10.1.20]
2026-07-06T22:52:37.039+02:00  INFO 93479 --- [bc05-rating] [           main] o.a.c.c.C.[Tomcat].[localhost].[/]       : Initializing Spring embedded WebApplicationContext
2026-07-06T22:52:37.040+02:00  INFO 93479 --- [bc05-rating] [           main] w.s.c.ServletWebServerApplicationContext : Root WebApplicationContext: initialization completed in 1067 ms
2026-07-06T22:52:37.112+02:00  INFO 93479 --- [bc05-rating] [           main] com.zaxxer.hikari.HikariDataSource       : HikariPool-1 - Starting...
2026-07-06T22:52:37.272+02:00  INFO 93479 --- [bc05-rating] [           main] com.zaxxer.hikari.pool.HikariPool        : HikariPool-1 - Added connection conn0: url=jdbc:h2:mem:ratingdb user=SA
2026-07-06T22:52:37.273+02:00  INFO 93479 --- [bc05-rating] [           main] com.zaxxer.hikari.HikariDataSource       : HikariPool-1 - Start completed.
2026-07-06T22:52:37.278+02:00  INFO 93479 --- [bc05-rating] [           main] o.s.b.a.h2.H2ConsoleAutoConfiguration    : H2 console available at '/h2-console'. Database available at 'jdbc:h2:mem:ratingdb'
2026-07-06T22:52:37.389+02:00  INFO 93479 --- [bc05-rating] [           main] o.hibernate.jpa.internal.util.LogHelper  : HHH000204: Processing PersistenceUnitInfo [name: default]
2026-07-06T22:52:37.410+02:00  INFO 93479 --- [bc05-rating] [           main] org.hibernate.Version                    : HHH000412: Hibernate ORM core version 6.4.4.Final
2026-07-06T22:52:37.422+02:00  INFO 93479 --- [bc05-rating] [           main] o.h.c.internal.RegionFactoryInitiator    : HHH000026: Second-level cache disabled
2026-07-06T22:52:37.517+02:00  INFO 93479 --- [bc05-rating] [           main] o.s.o.j.p.SpringPersistenceUnitInfo      : No LoadTimeWeaver setup: ignoring JPA class transformer
2026-07-06T22:52:38.004+02:00  INFO 93479 --- [bc05-rating] [           main] o.h.e.t.j.p.i.JtaPlatformInitiator       : HHH000489: No JTA platform available (set 'hibernate.transaction.jta.platform' to enable JTA platform integration)
2026-07-06T22:52:38.033+02:00  INFO 93479 --- [bc05-rating] [           main] j.LocalContainerEntityManagerFactoryBean : Initialized JPA EntityManagerFactory for persistence unit 'default'
2026-07-06T22:52:38.207+02:00  INFO 93479 --- [bc05-rating] [           main] c.w.r.i.booking.MockBookingClient        : MockBookingClient seeded with 3 example bookings (standalone mode, no real Booking service):
2026-07-06T22:52:38.207+02:00  INFO 93479 --- [bc05-rating] [           main] c.w.r.i.booking.MockBookingClient        :   booking 5001 -> userId=1, vehicleId=1, providerId=1, status=COMPLETED
2026-07-06T22:52:38.207+02:00  INFO 93479 --- [bc05-rating] [           main] c.w.r.i.booking.MockBookingClient        :   booking 5002 -> userId=1, vehicleId=2, providerId=1, status=COMPLETED
2026-07-06T22:52:38.207+02:00  INFO 93479 --- [bc05-rating] [           main] c.w.r.i.booking.MockBookingClient        :   booking 5003 -> userId=2, vehicleId=3, providerId=2, status=ACTIVE
2026-07-06T22:52:38.207+02:00  INFO 93479 --- [bc05-rating] [           main] c.w.r.i.booking.MockBookingClient        : Try: bookings 5001/5002 are COMPLETED (rating allowed), booking 5003 is ACTIVE (rating rejected with 409).
2026-07-06T22:52:38.690+02:00  INFO 93479 --- [bc05-rating] [           main] o.s.b.a.e.web.EndpointLinksResolver      : Exposing 2 endpoint(s) beneath base path '/actuator'
2026-07-06T22:52:38.744+02:00  INFO 93479 --- [bc05-rating] [           main] o.s.b.w.embedded.tomcat.TomcatWebServer  : Tomcat started on port 8085 (http) with context path ''
2026-07-06T22:52:38.752+02:00  INFO 93479 --- [bc05-rating] [           main] com.winx.rating.RatingApplication        : Started RatingApplication in 3.129 seconds (process running for 3.324)
2026-07-06T22:52:41.317+02:00  INFO 93479 --- [bc05-rating] [nio-8085-exec-1] o.a.c.c.C.[Tomcat].[localhost].[/]       : Initializing Spring DispatcherServlet 'dispatcherServlet'
2026-07-06T22:52:41.317+02:00  INFO 93479 --- [bc05-rating] [nio-8085-exec-1] o.s.web.servlet.DispatcherServlet        : Initializing Servlet 'dispatcherServlet'
2026-07-06T22:52:41.318+02:00  INFO 93479 --- [bc05-rating] [nio-8085-exec-1] o.s.web.servlet.DispatcherServlet        : Completed initialization in 1 ms
2026-07-06T22:53:13.760+02:00  INFO 93479 --- [bc05-rating] [ionShutdownHook] j.LocalContainerEntityManagerFactoryBean : Closing JPA EntityManagerFactory for persistence unit 'default'
2026-07-06T22:53:13.761+02:00  INFO 93479 --- [bc05-rating] [ionShutdownHook] com.zaxxer.hikari.HikariDataSource       : HikariPool-1 - Shutdown initiated...
2026-07-06T22:53:13.762+02:00  INFO 93479 --- [bc05-rating] [ionShutdownHook] com.zaxxer.hikari.HikariDataSource       : HikariPool-1 - Shutdown completed.
[ERROR] Failed to execute goal org.springframework.boot:spring-boot-maven-plugin:3.2.5:run (default-cli) on project bc05-rating: Process terminated with exit code: 143 -> [Help 1]
[ERROR] 
[ERROR] To see the full stack trace of the errors, re-run Maven with the -e switch.
[ERROR] Re-run Maven using the -X switch to enable full debug logging.
[ERROR] 
[ERROR] For more information about the errors and possible solutions, please read the following articles:
[ERROR] [Help 1] http://cwiki.apache.org/confluence/display/MAVEN/MojoExecutionException
