
  .   ____          _            __ _ _
 /\\ / ___'_ __ _ _(_)_ __  __ _ \ \ \ \
( ( )\___ | '_ | '_| | '_ \/ _` | \ \ \ \
 \\/  ___)| |_)| | | | | || (_| |  ) ) ) )
  '  |____| .__|_| |_|_| |_\__, | / / / /
 =========|_|==============|___/=/_/_/_/
 :: Spring Boot ::                (v3.2.5)

2026-07-06T23:21:35.883+02:00  INFO 2417 --- [bc04-payment] [           main] com.winx.payment.PaymentApplication      : Starting PaymentApplication using Java 21.0.11 with PID 2417 (/Users/maede/Library/CloudStorage/OneDrive-FHDortmund/UNI/DMSA/Project/TheWinx/Assignment05/Task2/bc04-payment/target/classes started by maede in /Users/maede/Library/CloudStorage/OneDrive-FHDortmund/UNI/DMSA/Project/TheWinx/Assignment05/Task2/bc04-payment)
2026-07-06T23:21:35.884+02:00  INFO 2417 --- [bc04-payment] [           main] com.winx.payment.PaymentApplication      : No active profile set, falling back to 1 default profile: "default"
2026-07-06T23:21:35.924+02:00  INFO 2417 --- [bc04-payment] [           main] o.s.c.c.c.ConfigServerConfigDataLoader   : Fetching config from server at : http://localhost:8888
2026-07-06T23:21:35.925+02:00  INFO 2417 --- [bc04-payment] [           main] o.s.c.c.c.ConfigServerConfigDataLoader   : Located environment: name=bc04-payment, profiles=[default], label=null, version=null, state=null
2026-07-06T23:21:36.584+02:00  INFO 2417 --- [bc04-payment] [           main] .s.d.r.c.RepositoryConfigurationDelegate : Bootstrapping Spring Data JPA repositories in DEFAULT mode.
2026-07-06T23:21:36.655+02:00  INFO 2417 --- [bc04-payment] [           main] .s.d.r.c.RepositoryConfigurationDelegate : Finished Spring Data repository scanning in 68 ms. Found 1 JPA repository interface.
2026-07-06T23:21:36.854+02:00  INFO 2417 --- [bc04-payment] [           main] o.s.cloud.context.scope.GenericScope     : BeanFactory id=c80f82ab-9db0-363b-aefc-a3edf504b4f2
2026-07-06T23:21:37.048+02:00  WARN 2417 --- [bc04-payment] [           main] trationDelegate$BeanPostProcessorChecker : Bean 'org.springframework.cloud.client.loadbalancer.LoadBalancerAutoConfiguration$DeferringLoadBalancerInterceptorConfig' of type [org.springframework.cloud.client.loadbalancer.LoadBalancerAutoConfiguration$DeferringLoadBalancerInterceptorConfig] is not eligible for getting processed by all BeanPostProcessors (for example: not eligible for auto-proxying). The currently created BeanPostProcessor [lbRestClientPostProcessor] is declared through a non-static factory method on that class; consider declaring it as static instead.
2026-07-06T23:21:37.053+02:00  WARN 2417 --- [bc04-payment] [           main] trationDelegate$BeanPostProcessorChecker : Bean 'deferringLoadBalancerInterceptor' of type [org.springframework.cloud.client.loadbalancer.DeferringLoadBalancerInterceptor] is not eligible for getting processed by all BeanPostProcessors (for example: not eligible for auto-proxying). Is this bean getting eagerly injected into a currently created BeanPostProcessor [lbRestClientPostProcessor]? Check the corresponding BeanPostProcessor declaration and its dependencies.
2026-07-06T23:21:37.233+02:00  INFO 2417 --- [bc04-payment] [           main] o.s.b.w.embedded.tomcat.TomcatWebServer  : Tomcat initialized with port 8084 (http)
2026-07-06T23:21:37.240+02:00  INFO 2417 --- [bc04-payment] [           main] o.apache.catalina.core.StandardService   : Starting service [Tomcat]
2026-07-06T23:21:37.240+02:00  INFO 2417 --- [bc04-payment] [           main] o.apache.catalina.core.StandardEngine    : Starting Servlet engine: [Apache Tomcat/10.1.20]
2026-07-06T23:21:37.279+02:00  INFO 2417 --- [bc04-payment] [           main] o.a.c.c.C.[Tomcat].[localhost].[/]       : Initializing Spring embedded WebApplicationContext
2026-07-06T23:21:37.280+02:00  INFO 2417 --- [bc04-payment] [           main] w.s.c.ServletWebServerApplicationContext : Root WebApplicationContext: initialization completed in 1354 ms
2026-07-06T23:21:37.375+02:00  INFO 2417 --- [bc04-payment] [           main] com.zaxxer.hikari.HikariDataSource       : HikariPool-1 - Starting...
2026-07-06T23:21:37.475+02:00  INFO 2417 --- [bc04-payment] [           main] com.zaxxer.hikari.pool.HikariPool        : HikariPool-1 - Added connection conn0: url=jdbc:h2:mem:paymentdb user=SA
2026-07-06T23:21:37.476+02:00  INFO 2417 --- [bc04-payment] [           main] com.zaxxer.hikari.HikariDataSource       : HikariPool-1 - Start completed.
2026-07-06T23:21:37.485+02:00  INFO 2417 --- [bc04-payment] [           main] o.s.b.a.h2.H2ConsoleAutoConfiguration    : H2 console available at '/h2-console'. Database available at 'jdbc:h2:mem:paymentdb'
2026-07-06T23:21:37.615+02:00  INFO 2417 --- [bc04-payment] [           main] o.hibernate.jpa.internal.util.LogHelper  : HHH000204: Processing PersistenceUnitInfo [name: default]
2026-07-06T23:21:37.642+02:00  INFO 2417 --- [bc04-payment] [           main] org.hibernate.Version                    : HHH000412: Hibernate ORM core version 6.4.4.Final
2026-07-06T23:21:37.660+02:00  INFO 2417 --- [bc04-payment] [           main] o.h.c.internal.RegionFactoryInitiator    : HHH000026: Second-level cache disabled
2026-07-06T23:21:37.749+02:00  INFO 2417 --- [bc04-payment] [           main] o.s.o.j.p.SpringPersistenceUnitInfo      : No LoadTimeWeaver setup: ignoring JPA class transformer
2026-07-06T23:21:38.185+02:00  INFO 2417 --- [bc04-payment] [           main] o.h.e.t.j.p.i.JtaPlatformInitiator       : HHH000489: No JTA platform available (set 'hibernate.transaction.jta.platform' to enable JTA platform integration)
2026-07-06T23:21:38.216+02:00  INFO 2417 --- [bc04-payment] [           main] j.LocalContainerEntityManagerFactoryBean : Initialized JPA EntityManagerFactory for persistence unit 'default'
2026-07-06T23:21:39.476+02:00  INFO 2417 --- [bc04-payment] [           main] DiscoveryClientOptionalArgsConfiguration : Eureka HTTP Client uses RestTemplate.
2026-07-06T23:21:39.537+02:00  WARN 2417 --- [bc04-payment] [           main] iguration$LoadBalancerCaffeineWarnLogger : Spring Cloud LoadBalancer is currently working with the default cache. While this cache implementation is useful for development and tests, it's recommended to use Caffeine cache in production.You can switch to using Caffeine cache, by adding it and org.springframework.cache.caffeine.CaffeineCacheManager to the classpath.
2026-07-06T23:21:39.550+02:00  INFO 2417 --- [bc04-payment] [           main] o.s.b.a.e.web.EndpointLinksResolver      : Exposing 4 endpoint(s) beneath base path '/actuator'
2026-07-06T23:21:39.604+02:00  INFO 2417 --- [bc04-payment] [           main] o.s.c.n.eureka.InstanceInfoFactory       : Setting initial instance status as: STARTING
2026-07-06T23:21:39.644+02:00  INFO 2417 --- [bc04-payment] [           main] com.netflix.discovery.DiscoveryClient    : Initializing Eureka in region us-east-1
2026-07-06T23:21:39.646+02:00  INFO 2417 --- [bc04-payment] [           main] c.n.d.s.r.aws.ConfigClusterResolver      : Resolving eureka endpoints via configuration
2026-07-06T23:21:39.654+02:00  INFO 2417 --- [bc04-payment] [           main] com.netflix.discovery.DiscoveryClient    : Disable delta property : false
2026-07-06T23:21:39.654+02:00  INFO 2417 --- [bc04-payment] [           main] com.netflix.discovery.DiscoveryClient    : Single vip registry refresh property : null
2026-07-06T23:21:39.654+02:00  INFO 2417 --- [bc04-payment] [           main] com.netflix.discovery.DiscoveryClient    : Force full registry fetch : false
2026-07-06T23:21:39.654+02:00  INFO 2417 --- [bc04-payment] [           main] com.netflix.discovery.DiscoveryClient    : Application is null : false
2026-07-06T23:21:39.654+02:00  INFO 2417 --- [bc04-payment] [           main] com.netflix.discovery.DiscoveryClient    : Registered Applications size is zero : true
2026-07-06T23:21:39.654+02:00  INFO 2417 --- [bc04-payment] [           main] com.netflix.discovery.DiscoveryClient    : Application version is -1: true
2026-07-06T23:21:39.654+02:00  INFO 2417 --- [bc04-payment] [           main] com.netflix.discovery.DiscoveryClient    : Getting all instance registry info from the eureka server
2026-07-06T23:21:39.766+02:00  INFO 2417 --- [bc04-payment] [           main] com.netflix.discovery.DiscoveryClient    : The response status is 200
2026-07-06T23:21:39.767+02:00  INFO 2417 --- [bc04-payment] [           main] com.netflix.discovery.DiscoveryClient    : Starting heartbeat executor: renew interval is: 5
2026-07-06T23:21:39.768+02:00  INFO 2417 --- [bc04-payment] [           main] c.n.discovery.InstanceInfoReplicator     : InstanceInfoReplicator onDemand update allowed rate per min is 4
2026-07-06T23:21:39.770+02:00  INFO 2417 --- [bc04-payment] [           main] com.netflix.discovery.DiscoveryClient    : Discovery Client initialized at timestamp 1783372899769 with initial instances count: 0
2026-07-06T23:21:39.776+02:00  INFO 2417 --- [bc04-payment] [           main] o.s.c.n.e.s.EurekaServiceRegistry        : Registering application BC04-PAYMENT with eureka with status UP
2026-07-06T23:21:39.776+02:00  INFO 2417 --- [bc04-payment] [           main] com.netflix.discovery.DiscoveryClient    : Saw local status change event StatusChangeEvent [timestamp=1783372899776, current=UP, previous=STARTING]
2026-07-06T23:21:39.777+02:00  INFO 2417 --- [bc04-payment] [nfoReplicator-0] com.netflix.discovery.DiscoveryClient    : DiscoveryClient_BC04-PAYMENT/192.168.0.106:bc04-payment:8084: registering service...
2026-07-06T23:21:39.782+02:00  INFO 2417 --- [bc04-payment] [           main] o.s.b.w.embedded.tomcat.TomcatWebServer  : Tomcat started on port 8084 (http) with context path ''
2026-07-06T23:21:39.783+02:00  INFO 2417 --- [bc04-payment] [           main] .s.c.n.e.s.EurekaAutoServiceRegistration : Updating port to 8084
2026-07-06T23:21:39.794+02:00  INFO 2417 --- [bc04-payment] [nfoReplicator-0] com.netflix.discovery.DiscoveryClient    : DiscoveryClient_BC04-PAYMENT/192.168.0.106:bc04-payment:8084 - registration status: 204
2026-07-06T23:21:39.794+02:00  INFO 2417 --- [bc04-payment] [           main] com.winx.payment.PaymentApplication      : Started PaymentApplication in 4.549 seconds (process running for 4.883)
2026-07-06T23:21:39.814+02:00  INFO 2417 --- [bc04-payment] [           main] c.w.p.d.s.PaymentProcessingService       : Domain event: PaymentInitiated[paymentId=1, bookingId=1001, amount=25.00]
2026-07-06T23:21:39.819+02:00  INFO 2417 --- [bc04-payment] [           main] c.w.p.d.s.PaymentProcessingService       : Domain event: PaymentSucceeded[paymentId=1, paidAt=2026-07-06T23:21:39.818830]
2026-07-06T23:21:39.827+02:00  INFO 2417 --- [bc04-payment] [           main] c.winx.payment.config.PaymentSeedData    : Seed payment created: id=1, bookingId=1001, status=PAID
2026-07-06T23:21:39.828+02:00  INFO 2417 --- [bc04-payment] [           main] c.w.p.d.s.PaymentProcessingService       : Domain event: PaymentInitiated[paymentId=2, bookingId=1002, amount=15.00]
2026-07-06T23:21:39.828+02:00  INFO 2417 --- [bc04-payment] [           main] c.w.p.d.s.PaymentProcessingService       : Domain event: PaymentFailed[paymentId=2, reason=Card declined (simulated)]
2026-07-06T23:21:39.829+02:00  INFO 2417 --- [bc04-payment] [           main] c.winx.payment.config.PaymentSeedData    : Seed payment created: id=2, bookingId=1002, status=FAILED
2026-07-06T23:21:39.829+02:00  INFO 2417 --- [bc04-payment] [           main] c.w.p.d.s.PaymentProcessingService       : Domain event: PaymentInitiated[paymentId=3, bookingId=1003, amount=42.50]
2026-07-06T23:21:39.829+02:00  INFO 2417 --- [bc04-payment] [           main] c.w.p.d.s.PaymentProcessingService       : Domain event: PaymentSucceeded[paymentId=3, paidAt=2026-07-06T23:21:39.829808]
2026-07-06T23:21:39.830+02:00  INFO 2417 --- [bc04-payment] [           main] c.winx.payment.config.PaymentSeedData    : Seed payment created: id=3, bookingId=1003, status=PAID
2026-07-06T23:21:40.274+02:00  INFO 2417 --- [bc04-payment] [nio-8084-exec-1] o.a.c.c.C.[Tomcat].[localhost].[/]       : Initializing Spring DispatcherServlet 'dispatcherServlet'
2026-07-06T23:21:40.274+02:00  INFO 2417 --- [bc04-payment] [nio-8084-exec-1] o.s.web.servlet.DispatcherServlet        : Initializing Servlet 'dispatcherServlet'
2026-07-06T23:21:40.275+02:00  INFO 2417 --- [bc04-payment] [nio-8084-exec-1] o.s.web.servlet.DispatcherServlet        : Completed initialization in 1 ms
2026-07-06T23:21:44.773+02:00  INFO 2417 --- [bc04-payment] [freshExecutor-0] com.netflix.discovery.DiscoveryClient    : Disable delta property : false
2026-07-06T23:21:44.773+02:00  INFO 2417 --- [bc04-payment] [freshExecutor-0] com.netflix.discovery.DiscoveryClient    : Single vip registry refresh property : null
2026-07-06T23:21:44.773+02:00  INFO 2417 --- [bc04-payment] [freshExecutor-0] com.netflix.discovery.DiscoveryClient    : Force full registry fetch : false
2026-07-06T23:21:44.773+02:00  INFO 2417 --- [bc04-payment] [freshExecutor-0] com.netflix.discovery.DiscoveryClient    : Application is null : false
2026-07-06T23:21:44.773+02:00  INFO 2417 --- [bc04-payment] [freshExecutor-0] com.netflix.discovery.DiscoveryClient    : Registered Applications size is zero : true
2026-07-06T23:21:44.773+02:00  INFO 2417 --- [bc04-payment] [freshExecutor-0] com.netflix.discovery.DiscoveryClient    : Application version is -1: false
2026-07-06T23:21:44.773+02:00  INFO 2417 --- [bc04-payment] [freshExecutor-0] com.netflix.discovery.DiscoveryClient    : Getting all instance registry info from the eureka server
2026-07-06T23:21:44.778+02:00  INFO 2417 --- [bc04-payment] [freshExecutor-0] com.netflix.discovery.DiscoveryClient    : The response status is 200
2026-07-06T23:21:49.783+02:00  INFO 2417 --- [bc04-payment] [freshExecutor-0] com.netflix.discovery.DiscoveryClient    : Disable delta property : false
2026-07-06T23:21:49.785+02:00  INFO 2417 --- [bc04-payment] [freshExecutor-0] com.netflix.discovery.DiscoveryClient    : Single vip registry refresh property : null
2026-07-06T23:21:49.786+02:00  INFO 2417 --- [bc04-payment] [freshExecutor-0] com.netflix.discovery.DiscoveryClient    : Force full registry fetch : false
2026-07-06T23:21:49.786+02:00  INFO 2417 --- [bc04-payment] [freshExecutor-0] com.netflix.discovery.DiscoveryClient    : Application is null : false
2026-07-06T23:21:49.791+02:00  INFO 2417 --- [bc04-payment] [freshExecutor-0] com.netflix.discovery.DiscoveryClient    : Registered Applications size is zero : true
2026-07-06T23:21:49.791+02:00  INFO 2417 --- [bc04-payment] [freshExecutor-0] com.netflix.discovery.DiscoveryClient    : Application version is -1: false
2026-07-06T23:21:49.791+02:00  INFO 2417 --- [bc04-payment] [freshExecutor-0] com.netflix.discovery.DiscoveryClient    : Getting all instance registry info from the eureka server
2026-07-06T23:21:49.793+02:00  INFO 2417 --- [bc04-payment] [freshExecutor-0] com.netflix.discovery.DiscoveryClient    : The response status is 200
2026-07-06T23:21:54.795+02:00  INFO 2417 --- [bc04-payment] [freshExecutor-0] com.netflix.discovery.DiscoveryClient    : Disable delta property : false
2026-07-06T23:21:54.795+02:00  INFO 2417 --- [bc04-payment] [freshExecutor-0] com.netflix.discovery.DiscoveryClient    : Single vip registry refresh property : null
2026-07-06T23:21:54.795+02:00  INFO 2417 --- [bc04-payment] [freshExecutor-0] com.netflix.discovery.DiscoveryClient    : Force full registry fetch : false
2026-07-06T23:21:54.795+02:00  INFO 2417 --- [bc04-payment] [freshExecutor-0] com.netflix.discovery.DiscoveryClient    : Application is null : false
2026-07-06T23:21:54.795+02:00  INFO 2417 --- [bc04-payment] [freshExecutor-0] com.netflix.discovery.DiscoveryClient    : Registered Applications size is zero : true
2026-07-06T23:21:54.795+02:00  INFO 2417 --- [bc04-payment] [freshExecutor-0] com.netflix.discovery.DiscoveryClient    : Application version is -1: false
2026-07-06T23:21:54.795+02:00  INFO 2417 --- [bc04-payment] [freshExecutor-0] com.netflix.discovery.DiscoveryClient    : Getting all instance registry info from the eureka server
2026-07-06T23:21:54.797+02:00  INFO 2417 --- [bc04-payment] [freshExecutor-0] com.netflix.discovery.DiscoveryClient    : The response status is 200
2026-07-06T23:21:59.800+02:00  INFO 2417 --- [bc04-payment] [freshExecutor-0] com.netflix.discovery.DiscoveryClient    : Disable delta property : false
2026-07-06T23:21:59.800+02:00  INFO 2417 --- [bc04-payment] [freshExecutor-0] com.netflix.discovery.DiscoveryClient    : Single vip registry refresh property : null
2026-07-06T23:21:59.800+02:00  INFO 2417 --- [bc04-payment] [freshExecutor-0] com.netflix.discovery.DiscoveryClient    : Force full registry fetch : false
2026-07-06T23:21:59.800+02:00  INFO 2417 --- [bc04-payment] [freshExecutor-0] com.netflix.discovery.DiscoveryClient    : Application is null : false
2026-07-06T23:21:59.800+02:00  INFO 2417 --- [bc04-payment] [freshExecutor-0] com.netflix.discovery.DiscoveryClient    : Registered Applications size is zero : true
2026-07-06T23:21:59.800+02:00  INFO 2417 --- [bc04-payment] [freshExecutor-0] com.netflix.discovery.DiscoveryClient    : Application version is -1: false
2026-07-06T23:21:59.800+02:00  INFO 2417 --- [bc04-payment] [freshExecutor-0] com.netflix.discovery.DiscoveryClient    : Getting all instance registry info from the eureka server
2026-07-06T23:21:59.807+02:00  INFO 2417 --- [bc04-payment] [freshExecutor-0] com.netflix.discovery.DiscoveryClient    : The response status is 200
2026-07-06T23:22:04.811+02:00  INFO 2417 --- [bc04-payment] [freshExecutor-0] com.netflix.discovery.DiscoveryClient    : Disable delta property : false
2026-07-06T23:22:04.812+02:00  INFO 2417 --- [bc04-payment] [freshExecutor-0] com.netflix.discovery.DiscoveryClient    : Single vip registry refresh property : null
2026-07-06T23:22:04.812+02:00  INFO 2417 --- [bc04-payment] [freshExecutor-0] com.netflix.discovery.DiscoveryClient    : Force full registry fetch : false
2026-07-06T23:22:04.812+02:00  INFO 2417 --- [bc04-payment] [freshExecutor-0] com.netflix.discovery.DiscoveryClient    : Application is null : false
2026-07-06T23:22:04.812+02:00  INFO 2417 --- [bc04-payment] [freshExecutor-0] com.netflix.discovery.DiscoveryClient    : Registered Applications size is zero : true
2026-07-06T23:22:04.812+02:00  INFO 2417 --- [bc04-payment] [freshExecutor-0] com.netflix.discovery.DiscoveryClient    : Application version is -1: false
2026-07-06T23:22:04.812+02:00  INFO 2417 --- [bc04-payment] [freshExecutor-0] com.netflix.discovery.DiscoveryClient    : Getting all instance registry info from the eureka server
2026-07-06T23:22:04.838+02:00  INFO 2417 --- [bc04-payment] [freshExecutor-0] com.netflix.discovery.DiscoveryClient    : The response status is 200
2026-07-06T23:22:50.472+02:00  INFO 2417 --- [bc04-payment] [ionShutdownHook] o.s.c.n.e.s.EurekaServiceRegistry        : Unregistering application BC04-PAYMENT with eureka with status DOWN
2026-07-06T23:22:50.475+02:00  INFO 2417 --- [bc04-payment] [ionShutdownHook] com.netflix.discovery.DiscoveryClient    : Saw local status change event StatusChangeEvent [timestamp=1783372970475, current=DOWN, previous=UP]
2026-07-06T23:22:50.476+02:00  INFO 2417 --- [bc04-payment] [nfoReplicator-0] com.netflix.discovery.DiscoveryClient    : DiscoveryClient_BC04-PAYMENT/192.168.0.106:bc04-payment:8084: registering service...
2026-07-06T23:22:50.484+02:00  INFO 2417 --- [bc04-payment] [nfoReplicator-0] c.n.d.s.t.d.RedirectingEurekaHttpClient  : Request execution error. endpoint=DefaultEndpoint{ serviceUrl='http://localhost:8761/eureka/} exception=I/O error on POST request for "http://localhost:8761/eureka/apps/BC04-PAYMENT": localhost:8761 failed to respond stacktrace=org.springframework.web.client.ResourceAccessException: I/O error on POST request for "http://localhost:8761/eureka/apps/BC04-PAYMENT": localhost:8761 failed to respond
	at org.springframework.web.client.RestTemplate.createResourceAccessException(RestTemplate.java:915)
	at org.springframework.web.client.RestTemplate.doExecute(RestTemplate.java:895)
	at org.springframework.web.client.RestTemplate.execute(RestTemplate.java:790)
	at org.springframework.web.client.RestTemplate.exchange(RestTemplate.java:672)
	at org.springframework.cloud.netflix.eureka.http.RestTemplateEurekaHttpClient.register(RestTemplateEurekaHttpClient.java:77)
	at com.netflix.discovery.shared.transport.decorator.EurekaHttpClientDecorator$1.execute(EurekaHttpClientDecorator.java:59)
	at com.netflix.discovery.shared.transport.decorator.RedirectingEurekaHttpClient.execute(RedirectingEurekaHttpClient.java:91)
	at com.netflix.discovery.shared.transport.decorator.EurekaHttpClientDecorator.register(EurekaHttpClientDecorator.java:56)
	at com.netflix.discovery.shared.transport.decorator.EurekaHttpClientDecorator$1.execute(EurekaHttpClientDecorator.java:59)
	at com.netflix.discovery.shared.transport.decorator.RetryableEurekaHttpClient.execute(RetryableEurekaHttpClient.java:120)
	at com.netflix.discovery.shared.transport.decorator.EurekaHttpClientDecorator.register(EurekaHttpClientDecorator.java:56)
	at com.netflix.discovery.shared.transport.decorator.EurekaHttpClientDecorator$1.execute(EurekaHttpClientDecorator.java:59)
	at com.netflix.discovery.shared.transport.decorator.SessionedEurekaHttpClient.execute(SessionedEurekaHttpClient.java:77)
	at com.netflix.discovery.shared.transport.decorator.EurekaHttpClientDecorator.register(EurekaHttpClientDecorator.java:56)
	at com.netflix.discovery.DiscoveryClient.register(DiscoveryClient.java:820)
	at com.netflix.discovery.InstanceInfoReplicator.run(InstanceInfoReplicator.java:121)
	at com.netflix.discovery.InstanceInfoReplicator$1.run(InstanceInfoReplicator.java:101)
	at java.base/java.util.concurrent.Executors$RunnableAdapter.call(Executors.java:572)
	at java.base/java.util.concurrent.FutureTask.run(FutureTask.java:317)
	at java.base/java.util.concurrent.ScheduledThreadPoolExecutor$ScheduledFutureTask.run(ScheduledThreadPoolExecutor.java:304)
	at java.base/java.util.concurrent.ThreadPoolExecutor.runWorker(ThreadPoolExecutor.java:1144)
	at java.base/java.util.concurrent.ThreadPoolExecutor$Worker.run(ThreadPoolExecutor.java:642)
	at java.base/java.lang.Thread.run(Thread.java:1583)
Caused by: org.apache.hc.core5.http.NoHttpResponseException: localhost:8761 failed to respond
	at org.apache.hc.core5.http.impl.io.DefaultBHttpClientConnection.receiveResponseHeader(DefaultBHttpClientConnection.java:301)
	at org.apache.hc.core5.http.impl.io.HttpRequestExecutor.execute(HttpRequestExecutor.java:175)
	at org.apache.hc.core5.http.impl.io.HttpRequestExecutor.execute(HttpRequestExecutor.java:218)
	at org.apache.hc.client5.http.impl.io.PoolingHttpClientConnectionManager$InternalConnectionEndpoint.execute(PoolingHttpClientConnectionManager.java:712)
	at org.apache.hc.client5.http.impl.classic.InternalExecRuntime.execute(InternalExecRuntime.java:216)
	at org.apache.hc.client5.http.impl.classic.MainClientExec.execute(MainClientExec.java:116)
	at org.apache.hc.client5.http.impl.classic.ExecChainElement.execute(ExecChainElement.java:51)
	at org.apache.hc.client5.http.impl.classic.ConnectExec.execute(ConnectExec.java:188)
	at org.apache.hc.client5.http.impl.classic.ExecChainElement.execute(ExecChainElement.java:51)
	at org.apache.hc.client5.http.impl.classic.ProtocolExec.execute(ProtocolExec.java:192)
	at org.apache.hc.client5.http.impl.classic.ExecChainElement.execute(ExecChainElement.java:51)
	at org.apache.hc.client5.http.impl.classic.HttpRequestRetryExec.execute(HttpRequestRetryExec.java:96)
	at org.apache.hc.client5.http.impl.classic.ExecChainElement.execute(ExecChainElement.java:51)
	at org.apache.hc.client5.http.impl.classic.ContentCompressionExec.execute(ContentCompressionExec.java:152)
	at org.apache.hc.client5.http.impl.classic.ExecChainElement.execute(ExecChainElement.java:51)
	at org.apache.hc.client5.http.impl.classic.RedirectExec.execute(RedirectExec.java:115)
	at org.apache.hc.client5.http.impl.classic.ExecChainElement.execute(ExecChainElement.java:51)
	at org.apache.hc.client5.http.impl.classic.InternalHttpClient.doExecute(InternalHttpClient.java:170)
	at org.apache.hc.client5.http.impl.classic.CloseableHttpClient.execute(CloseableHttpClient.java:87)
	at org.apache.hc.client5.http.impl.classic.CloseableHttpClient.execute(CloseableHttpClient.java:55)
	at org.apache.hc.client5.http.classic.HttpClient.executeOpen(HttpClient.java:183)
	at org.springframework.http.client.HttpComponentsClientHttpRequest.executeInternal(HttpComponentsClientHttpRequest.java:95)
	at org.springframework.http.client.AbstractStreamingClientHttpRequest.executeInternal(AbstractStreamingClientHttpRequest.java:70)
	at org.springframework.http.client.AbstractClientHttpRequest.execute(AbstractClientHttpRequest.java:66)
	at org.springframework.http.client.InterceptingClientHttpRequest$InterceptingRequestExecution.execute(InterceptingClientHttpRequest.java:112)
	at org.springframework.cloud.netflix.eureka.http.RestTemplateTransportClientFactory.lambda$restTemplate$0(RestTemplateTransportClientFactory.java:143)
	at org.springframework.http.client.InterceptingClientHttpRequest$InterceptingRequestExecution.execute(InterceptingClientHttpRequest.java:88)
	at org.springframework.http.client.InterceptingClientHttpRequest.executeInternal(InterceptingClientHttpRequest.java:72)
	at org.springframework.http.client.AbstractBufferingClientHttpRequest.executeInternal(AbstractBufferingClientHttpRequest.java:48)
	at org.springframework.http.client.AbstractClientHttpRequest.execute(AbstractClientHttpRequest.java:66)
	at org.springframework.web.client.RestTemplate.doExecute(RestTemplate.java:889)
	... 21 more

2026-07-06T23:22:50.484+02:00  WARN 2417 --- [bc04-payment] [nfoReplicator-0] c.n.d.s.t.d.RetryableEurekaHttpClient    : Request execution failed with message: I/O error on POST request for "http://localhost:8761/eureka/apps/BC04-PAYMENT": localhost:8761 failed to respond
2026-07-06T23:22:50.493+02:00  INFO 2417 --- [bc04-payment] [nfoReplicator-0] c.n.d.s.t.d.RedirectingEurekaHttpClient  : Request execution error. endpoint=DefaultEndpoint{ serviceUrl='http://localhost:8761/eureka/}, exception=I/O error on POST request for "http://localhost:8761/eureka/apps/BC04-PAYMENT": Connect to http://localhost:8761 [localhost/127.0.0.1, localhost/0:0:0:0:0:0:0:1] failed: Connection refused stacktrace=org.springframework.web.client.ResourceAccessException: I/O error on POST request for "http://localhost:8761/eureka/apps/BC04-PAYMENT": Connect to http://localhost:8761 [localhost/127.0.0.1, localhost/0:0:0:0:0:0:0:1] failed: Connection refused
	at org.springframework.web.client.RestTemplate.createResourceAccessException(RestTemplate.java:915)
	at org.springframework.web.client.RestTemplate.doExecute(RestTemplate.java:895)
	at org.springframework.web.client.RestTemplate.execute(RestTemplate.java:790)
	at org.springframework.web.client.RestTemplate.exchange(RestTemplate.java:672)
	at org.springframework.cloud.netflix.eureka.http.RestTemplateEurekaHttpClient.register(RestTemplateEurekaHttpClient.java:77)
	at com.netflix.discovery.shared.transport.decorator.EurekaHttpClientDecorator$1.execute(EurekaHttpClientDecorator.java:59)
	at com.netflix.discovery.shared.transport.decorator.RedirectingEurekaHttpClient.executeOnNewServer(RedirectingEurekaHttpClient.java:121)
	at com.netflix.discovery.shared.transport.decorator.RedirectingEurekaHttpClient.execute(RedirectingEurekaHttpClient.java:80)
	at com.netflix.discovery.shared.transport.decorator.EurekaHttpClientDecorator.register(EurekaHttpClientDecorator.java:56)
	at com.netflix.discovery.shared.transport.decorator.EurekaHttpClientDecorator$1.execute(EurekaHttpClientDecorator.java:59)
	at com.netflix.discovery.shared.transport.decorator.RetryableEurekaHttpClient.execute(RetryableEurekaHttpClient.java:120)
	at com.netflix.discovery.shared.transport.decorator.EurekaHttpClientDecorator.register(EurekaHttpClientDecorator.java:56)
	at com.netflix.discovery.shared.transport.decorator.EurekaHttpClientDecorator$1.execute(EurekaHttpClientDecorator.java:59)
	at com.netflix.discovery.shared.transport.decorator.SessionedEurekaHttpClient.execute(SessionedEurekaHttpClient.java:77)
	at com.netflix.discovery.shared.transport.decorator.EurekaHttpClientDecorator.register(EurekaHttpClientDecorator.java:56)
	at com.netflix.discovery.DiscoveryClient.register(DiscoveryClient.java:820)
	at com.netflix.discovery.InstanceInfoReplicator.run(InstanceInfoReplicator.java:121)
	at com.netflix.discovery.InstanceInfoReplicator$1.run(InstanceInfoReplicator.java:101)
	at java.base/java.util.concurrent.Executors$RunnableAdapter.call(Executors.java:572)
	at java.base/java.util.concurrent.FutureTask.run(FutureTask.java:317)
	at java.base/java.util.concurrent.ScheduledThreadPoolExecutor$ScheduledFutureTask.run(ScheduledThreadPoolExecutor.java:304)
	at java.base/java.util.concurrent.ThreadPoolExecutor.runWorker(ThreadPoolExecutor.java:1144)
	at java.base/java.util.concurrent.ThreadPoolExecutor$Worker.run(ThreadPoolExecutor.java:642)
	at java.base/java.lang.Thread.run(Thread.java:1583)
Caused by: org.apache.hc.client5.http.HttpHostConnectException: Connect to http://localhost:8761 [localhost/127.0.0.1, localhost/0:0:0:0:0:0:0:1] failed: Connection refused
	at java.base/sun.nio.ch.Net.pollConnect(Native Method)
	at java.base/sun.nio.ch.Net.pollConnectNow(Net.java:694)
	at java.base/sun.nio.ch.NioSocketImpl.timedFinishConnect(NioSocketImpl.java:549)
	at java.base/sun.nio.ch.NioSocketImpl.connect(NioSocketImpl.java:592)
	at java.base/java.net.SocksSocketImpl.connect(SocksSocketImpl.java:327)
	at java.base/java.net.Socket.connect(Socket.java:751)
	at org.apache.hc.client5.http.socket.PlainConnectionSocketFactory.lambda$connectSocket$0(PlainConnectionSocketFactory.java:91)
	at java.base/java.security.AccessController.doPrivileged(AccessController.java:571)
	at org.apache.hc.client5.http.socket.PlainConnectionSocketFactory.connectSocket(PlainConnectionSocketFactory.java:90)
	at org.apache.hc.client5.http.socket.ConnectionSocketFactory.connectSocket(ConnectionSocketFactory.java:123)
	at org.apache.hc.client5.http.impl.io.DefaultHttpClientConnectionOperator.connect(DefaultHttpClientConnectionOperator.java:184)
	at org.apache.hc.client5.http.impl.io.PoolingHttpClientConnectionManager.connect(PoolingHttpClientConnectionManager.java:447)
	at org.apache.hc.client5.http.impl.classic.InternalExecRuntime.connectEndpoint(InternalExecRuntime.java:162)
	at org.apache.hc.client5.http.impl.classic.InternalExecRuntime.execute(InternalExecRuntime.java:203)
	at org.apache.hc.client5.http.impl.classic.MainClientExec.execute(MainClientExec.java:116)
	at org.apache.hc.client5.http.impl.classic.ExecChainElement.execute(ExecChainElement.java:51)
	at org.apache.hc.client5.http.impl.classic.ConnectExec.execute(ConnectExec.java:188)
	at org.apache.hc.client5.http.impl.classic.ExecChainElement.execute(ExecChainElement.java:51)
	at org.apache.hc.client5.http.impl.classic.ProtocolExec.execute(ProtocolExec.java:192)
	at org.apache.hc.client5.http.impl.classic.ExecChainElement.execute(ExecChainElement.java:51)
	at org.apache.hc.client5.http.impl.classic.HttpRequestRetryExec.execute(HttpRequestRetryExec.java:96)
	at org.apache.hc.client5.http.impl.classic.ExecChainElement.execute(ExecChainElement.java:51)
	at org.apache.hc.client5.http.impl.classic.ContentCompressionExec.execute(ContentCompressionExec.java:152)
	at org.apache.hc.client5.http.impl.classic.ExecChainElement.execute(ExecChainElement.java:51)
	at org.apache.hc.client5.http.impl.classic.RedirectExec.execute(RedirectExec.java:115)
	at org.apache.hc.client5.http.impl.classic.ExecChainElement.execute(ExecChainElement.java:51)
	at org.apache.hc.client5.http.impl.classic.InternalHttpClient.doExecute(InternalHttpClient.java:170)
	at org.apache.hc.client5.http.impl.classic.CloseableHttpClient.execute(CloseableHttpClient.java:87)
	at org.apache.hc.client5.http.impl.classic.CloseableHttpClient.execute(CloseableHttpClient.java:55)
	at org.apache.hc.client5.http.classic.HttpClient.executeOpen(HttpClient.java:183)
	at org.springframework.http.client.HttpComponentsClientHttpRequest.executeInternal(HttpComponentsClientHttpRequest.java:95)
	at org.springframework.http.client.AbstractStreamingClientHttpRequest.executeInternal(AbstractStreamingClientHttpRequest.java:70)
	at org.springframework.http.client.AbstractClientHttpRequest.execute(AbstractClientHttpRequest.java:66)
	at org.springframework.http.client.InterceptingClientHttpRequest$InterceptingRequestExecution.execute(InterceptingClientHttpRequest.java:112)
	at org.springframework.cloud.netflix.eureka.http.RestTemplateTransportClientFactory.lambda$restTemplate$0(RestTemplateTransportClientFactory.java:143)
	at org.springframework.http.client.InterceptingClientHttpRequest$InterceptingRequestExecution.execute(InterceptingClientHttpRequest.java:88)
	at org.springframework.http.client.InterceptingClientHttpRequest.executeInternal(InterceptingClientHttpRequest.java:72)
	at org.springframework.http.client.AbstractBufferingClientHttpRequest.executeInternal(AbstractBufferingClientHttpRequest.java:48)
	at org.springframework.http.client.AbstractClientHttpRequest.execute(AbstractClientHttpRequest.java:66)
	at org.springframework.web.client.RestTemplate.doExecute(RestTemplate.java:889)
	... 22 more

2026-07-06T23:22:50.493+02:00  WARN 2417 --- [bc04-payment] [nfoReplicator-0] c.n.d.s.t.d.RetryableEurekaHttpClient    : Request execution failed with message: I/O error on POST request for "http://localhost:8761/eureka/apps/BC04-PAYMENT": Connect to http://localhost:8761 [localhost/127.0.0.1, localhost/0:0:0:0:0:0:0:1] failed: Connection refused
2026-07-06T23:22:50.494+02:00  INFO 2417 --- [bc04-payment] [ionShutdownHook] j.LocalContainerEntityManagerFactoryBean : Closing JPA EntityManagerFactory for persistence unit 'default'
2026-07-06T23:22:50.493+02:00  WARN 2417 --- [bc04-payment] [nfoReplicator-0] com.netflix.discovery.DiscoveryClient    : DiscoveryClient_BC04-PAYMENT/192.168.0.106:bc04-payment:8084 - registration failed Cannot execute request on any known server

com.netflix.discovery.shared.transport.TransportException: Cannot execute request on any known server
	at com.netflix.discovery.shared.transport.decorator.RetryableEurekaHttpClient.execute(RetryableEurekaHttpClient.java:112) ~[eureka-client-2.0.2.jar:2.0.2]
	at com.netflix.discovery.shared.transport.decorator.EurekaHttpClientDecorator.register(EurekaHttpClientDecorator.java:56) ~[eureka-client-2.0.2.jar:2.0.2]
	at com.netflix.discovery.shared.transport.decorator.EurekaHttpClientDecorator$1.execute(EurekaHttpClientDecorator.java:59) ~[eureka-client-2.0.2.jar:2.0.2]
	at com.netflix.discovery.shared.transport.decorator.SessionedEurekaHttpClient.execute(SessionedEurekaHttpClient.java:77) ~[eureka-client-2.0.2.jar:2.0.2]
	at com.netflix.discovery.shared.transport.decorator.EurekaHttpClientDecorator.register(EurekaHttpClientDecorator.java:56) ~[eureka-client-2.0.2.jar:2.0.2]
	at com.netflix.discovery.DiscoveryClient.register(DiscoveryClient.java:820) ~[eureka-client-2.0.2.jar:2.0.2]
	at com.netflix.discovery.InstanceInfoReplicator.run(InstanceInfoReplicator.java:121) ~[eureka-client-2.0.2.jar:2.0.2]
	at com.netflix.discovery.InstanceInfoReplicator$1.run(InstanceInfoReplicator.java:101) ~[eureka-client-2.0.2.jar:2.0.2]
	at java.base/java.util.concurrent.Executors$RunnableAdapter.call(Executors.java:572) ~[na:na]
	at java.base/java.util.concurrent.FutureTask.run(FutureTask.java:317) ~[na:na]
	at java.base/java.util.concurrent.ScheduledThreadPoolExecutor$ScheduledFutureTask.run(ScheduledThreadPoolExecutor.java:304) ~[na:na]
	at java.base/java.util.concurrent.ThreadPoolExecutor.runWorker(ThreadPoolExecutor.java:1144) ~[na:na]
	at java.base/java.util.concurrent.ThreadPoolExecutor$Worker.run(ThreadPoolExecutor.java:642) ~[na:na]
	at java.base/java.lang.Thread.run(Thread.java:1583) ~[na:na]

2026-07-06T23:22:50.495+02:00  WARN 2417 --- [bc04-payment] [nfoReplicator-0] c.n.discovery.InstanceInfoReplicator     : There was a problem with the instance info replicator

com.netflix.discovery.shared.transport.TransportException: Cannot execute request on any known server
	at com.netflix.discovery.shared.transport.decorator.RetryableEurekaHttpClient.execute(RetryableEurekaHttpClient.java:112) ~[eureka-client-2.0.2.jar:2.0.2]
	at com.netflix.discovery.shared.transport.decorator.EurekaHttpClientDecorator.register(EurekaHttpClientDecorator.java:56) ~[eureka-client-2.0.2.jar:2.0.2]
	at com.netflix.discovery.shared.transport.decorator.EurekaHttpClientDecorator$1.execute(EurekaHttpClientDecorator.java:59) ~[eureka-client-2.0.2.jar:2.0.2]
	at com.netflix.discovery.shared.transport.decorator.SessionedEurekaHttpClient.execute(SessionedEurekaHttpClient.java:77) ~[eureka-client-2.0.2.jar:2.0.2]
	at com.netflix.discovery.shared.transport.decorator.EurekaHttpClientDecorator.register(EurekaHttpClientDecorator.java:56) ~[eureka-client-2.0.2.jar:2.0.2]
	at com.netflix.discovery.DiscoveryClient.register(DiscoveryClient.java:820) ~[eureka-client-2.0.2.jar:2.0.2]
	at com.netflix.discovery.InstanceInfoReplicator.run(InstanceInfoReplicator.java:121) ~[eureka-client-2.0.2.jar:2.0.2]
	at com.netflix.discovery.InstanceInfoReplicator$1.run(InstanceInfoReplicator.java:101) ~[eureka-client-2.0.2.jar:2.0.2]
	at java.base/java.util.concurrent.Executors$RunnableAdapter.call(Executors.java:572) ~[na:na]
	at java.base/java.util.concurrent.FutureTask.run(FutureTask.java:317) ~[na:na]
	at java.base/java.util.concurrent.ScheduledThreadPoolExecutor$ScheduledFutureTask.run(ScheduledThreadPoolExecutor.java:304) ~[na:na]
	at java.base/java.util.concurrent.ThreadPoolExecutor.runWorker(ThreadPoolExecutor.java:1144) ~[na:na]
	at java.base/java.util.concurrent.ThreadPoolExecutor$Worker.run(ThreadPoolExecutor.java:642) ~[na:na]
	at java.base/java.lang.Thread.run(Thread.java:1583) ~[na:na]

2026-07-06T23:22:50.495+02:00  INFO 2417 --- [bc04-payment] [ionShutdownHook] com.zaxxer.hikari.HikariDataSource       : HikariPool-1 - Shutdown initiated...
2026-07-06T23:22:50.497+02:00  INFO 2417 --- [bc04-payment] [ionShutdownHook] com.zaxxer.hikari.HikariDataSource       : HikariPool-1 - Shutdown completed.
2026-07-06T23:22:50.497+02:00  INFO 2417 --- [bc04-payment] [ionShutdownHook] com.netflix.discovery.DiscoveryClient    : Shutting down DiscoveryClient ...
[ERROR] Failed to execute goal org.springframework.boot:spring-boot-maven-plugin:3.2.5:run (default-cli) on project bc04-payment: Process terminated with exit code: 137 -> [Help 1]
[ERROR] 
[ERROR] To see the full stack trace of the errors, re-run Maven with the -e switch.
[ERROR] Re-run Maven using the -X switch to enable full debug logging.
[ERROR] 
[ERROR] For more information about the errors and possible solutions, please read the following articles:
[ERROR] [Help 1] http://cwiki.apache.org/confluence/display/MAVEN/MojoExecutionException
