
  .   ____          _            __ _ _
 /\\ / ___'_ __ _ _(_)_ __  __ _ \ \ \ \
( ( )\___ | '_ | '_| | '_ \/ _` | \ \ \ \
 \\/  ___)| |_)| | | | | || (_| |  ) ) ) )
  '  |____| .__|_| |_|_| |_\__, | / / / /
 =========|_|==============|___/=/_/_/_/
 :: Spring Boot ::                (v3.2.5)

2026-07-06T23:21:36.005+02:00  INFO 2419 --- [infra-api-gateway] [           main] com.winx.gateway.GatewayApplication      : Starting GatewayApplication using Java 21.0.11 with PID 2419 (/Users/maede/Library/CloudStorage/OneDrive-FHDortmund/UNI/DMSA/Project/TheWinx/Assignment05/Task2/infra-api-gateway/target/classes started by maede in /Users/maede/Library/CloudStorage/OneDrive-FHDortmund/UNI/DMSA/Project/TheWinx/Assignment05/Task2/infra-api-gateway)
2026-07-06T23:21:36.006+02:00  INFO 2419 --- [infra-api-gateway] [           main] com.winx.gateway.GatewayApplication      : No active profile set, falling back to 1 default profile: "default"
2026-07-06T23:21:36.029+02:00  INFO 2419 --- [infra-api-gateway] [           main] o.s.c.c.c.ConfigServerConfigDataLoader   : Fetching config from server at : http://localhost:8888
2026-07-06T23:21:36.029+02:00  INFO 2419 --- [infra-api-gateway] [           main] o.s.c.c.c.ConfigServerConfigDataLoader   : Located environment: name=infra-api-gateway, profiles=[default], label=null, version=null, state=null
2026-07-06T23:21:36.596+02:00  INFO 2419 --- [infra-api-gateway] [           main] o.s.cloud.context.scope.GenericScope     : BeanFactory id=6a3cc2b7-682f-3065-8752-c57412d24cf9
2026-07-06T23:21:36.720+02:00  WARN 2419 --- [infra-api-gateway] [           main] trationDelegate$BeanPostProcessorChecker : Bean 'org.springframework.cloud.client.loadbalancer.LoadBalancerAutoConfiguration$DeferringLoadBalancerInterceptorConfig' of type [org.springframework.cloud.client.loadbalancer.LoadBalancerAutoConfiguration$DeferringLoadBalancerInterceptorConfig] is not eligible for getting processed by all BeanPostProcessors (for example: not eligible for auto-proxying). The currently created BeanPostProcessor [lbRestClientPostProcessor] is declared through a non-static factory method on that class; consider declaring it as static instead.
2026-07-06T23:21:36.724+02:00  WARN 2419 --- [infra-api-gateway] [           main] trationDelegate$BeanPostProcessorChecker : Bean 'deferringLoadBalancerInterceptor' of type [org.springframework.cloud.client.loadbalancer.DeferringLoadBalancerInterceptor] is not eligible for getting processed by all BeanPostProcessors (for example: not eligible for auto-proxying). Is this bean getting eagerly injected into a currently created BeanPostProcessor [lbRestClientPostProcessor]? Check the corresponding BeanPostProcessor declaration and its dependencies.
2026-07-06T23:21:36.855+02:00  INFO 2419 --- [infra-api-gateway] [           main] o.s.b.w.embedded.tomcat.TomcatWebServer  : Tomcat initialized with port 8080 (http)
2026-07-06T23:21:36.861+02:00  INFO 2419 --- [infra-api-gateway] [           main] o.apache.catalina.core.StandardService   : Starting service [Tomcat]
2026-07-06T23:21:36.861+02:00  INFO 2419 --- [infra-api-gateway] [           main] o.apache.catalina.core.StandardEngine    : Starting Servlet engine: [Apache Tomcat/10.1.20]
2026-07-06T23:21:36.896+02:00  INFO 2419 --- [infra-api-gateway] [           main] o.a.c.c.C.[Tomcat].[localhost].[/]       : Initializing Spring embedded WebApplicationContext
2026-07-06T23:21:36.896+02:00  INFO 2419 --- [infra-api-gateway] [           main] w.s.c.ServletWebServerApplicationContext : Root WebApplicationContext: initialization completed in 867 ms
2026-07-06T23:21:37.145+02:00  INFO 2419 --- [infra-api-gateway] [           main] o.s.c.openfeign.FeignClientFactoryBean   : For 'bc01-identity-access' URL not provided. Will try picking an instance via load-balancing.
2026-07-06T23:21:37.194+02:00  INFO 2419 --- [infra-api-gateway] [           main] o.s.c.openfeign.FeignClientFactoryBean   : For 'bc03-booking' URL not provided. Will try picking an instance via load-balancing.
2026-07-06T23:21:37.207+02:00  INFO 2419 --- [infra-api-gateway] [           main] o.s.c.openfeign.FeignClientFactoryBean   : For 'bc04-payment' URL not provided. Will try picking an instance via load-balancing.
2026-07-06T23:21:37.221+02:00  INFO 2419 --- [infra-api-gateway] [           main] o.s.c.openfeign.FeignClientFactoryBean   : For 'bc05-rating' URL not provided. Will try picking an instance via load-balancing.
2026-07-06T23:21:37.234+02:00  INFO 2419 --- [infra-api-gateway] [           main] o.s.c.openfeign.FeignClientFactoryBean   : For 'bc02-fleet-management' URL not provided. Will try picking an instance via load-balancing.
2026-07-06T23:21:37.643+02:00  INFO 2419 --- [infra-api-gateway] [           main] DiscoveryClientOptionalArgsConfiguration : Eureka HTTP Client uses RestTemplate.
2026-07-06T23:21:37.671+02:00  WARN 2419 --- [infra-api-gateway] [           main] iguration$LoadBalancerCaffeineWarnLogger : Spring Cloud LoadBalancer is currently working with the default cache. While this cache implementation is useful for development and tests, it's recommended to use Caffeine cache in production.You can switch to using Caffeine cache, by adding it and org.springframework.cache.caffeine.CaffeineCacheManager to the classpath.
2026-07-06T23:21:37.693+02:00  INFO 2419 --- [infra-api-gateway] [           main] o.s.b.a.e.web.EndpointLinksResolver      : Exposing 2 endpoint(s) beneath base path '/actuator'
2026-07-06T23:21:37.737+02:00  INFO 2419 --- [infra-api-gateway] [           main] o.s.c.n.eureka.InstanceInfoFactory       : Setting initial instance status as: STARTING
2026-07-06T23:21:37.791+02:00  INFO 2419 --- [infra-api-gateway] [           main] com.netflix.discovery.DiscoveryClient    : Initializing Eureka in region us-east-1
2026-07-06T23:21:37.794+02:00  INFO 2419 --- [infra-api-gateway] [           main] c.n.d.s.r.aws.ConfigClusterResolver      : Resolving eureka endpoints via configuration
2026-07-06T23:21:37.807+02:00  INFO 2419 --- [infra-api-gateway] [           main] com.netflix.discovery.DiscoveryClient    : Disable delta property : false
2026-07-06T23:21:37.807+02:00  INFO 2419 --- [infra-api-gateway] [           main] com.netflix.discovery.DiscoveryClient    : Single vip registry refresh property : null
2026-07-06T23:21:37.807+02:00  INFO 2419 --- [infra-api-gateway] [           main] com.netflix.discovery.DiscoveryClient    : Force full registry fetch : false
2026-07-06T23:21:37.807+02:00  INFO 2419 --- [infra-api-gateway] [           main] com.netflix.discovery.DiscoveryClient    : Application is null : false
2026-07-06T23:21:37.807+02:00  INFO 2419 --- [infra-api-gateway] [           main] com.netflix.discovery.DiscoveryClient    : Registered Applications size is zero : true
2026-07-06T23:21:37.807+02:00  INFO 2419 --- [infra-api-gateway] [           main] com.netflix.discovery.DiscoveryClient    : Application version is -1: true
2026-07-06T23:21:37.807+02:00  INFO 2419 --- [infra-api-gateway] [           main] com.netflix.discovery.DiscoveryClient    : Getting all instance registry info from the eureka server
2026-07-06T23:21:38.013+02:00  INFO 2419 --- [infra-api-gateway] [           main] com.netflix.discovery.DiscoveryClient    : The response status is 200
2026-07-06T23:21:38.014+02:00  INFO 2419 --- [infra-api-gateway] [           main] com.netflix.discovery.DiscoveryClient    : Starting heartbeat executor: renew interval is: 5
2026-07-06T23:21:38.016+02:00  INFO 2419 --- [infra-api-gateway] [           main] c.n.discovery.InstanceInfoReplicator     : InstanceInfoReplicator onDemand update allowed rate per min is 4
2026-07-06T23:21:38.021+02:00  INFO 2419 --- [infra-api-gateway] [           main] com.netflix.discovery.DiscoveryClient    : Discovery Client initialized at timestamp 1783372898020 with initial instances count: 0
2026-07-06T23:21:38.024+02:00  INFO 2419 --- [infra-api-gateway] [           main] o.s.c.n.e.s.EurekaServiceRegistry        : Registering application INFRA-API-GATEWAY with eureka with status UP
2026-07-06T23:21:38.024+02:00  INFO 2419 --- [infra-api-gateway] [           main] com.netflix.discovery.DiscoveryClient    : Saw local status change event StatusChangeEvent [timestamp=1783372898024, current=UP, previous=STARTING]
2026-07-06T23:21:38.025+02:00  INFO 2419 --- [infra-api-gateway] [nfoReplicator-0] com.netflix.discovery.DiscoveryClient    : DiscoveryClient_INFRA-API-GATEWAY/192.168.0.106:infra-api-gateway:8080: registering service...
2026-07-06T23:21:38.032+02:00  INFO 2419 --- [infra-api-gateway] [           main] o.s.b.w.embedded.tomcat.TomcatWebServer  : Tomcat started on port 8080 (http) with context path ''
2026-07-06T23:21:38.033+02:00  INFO 2419 --- [infra-api-gateway] [           main] .s.c.n.e.s.EurekaAutoServiceRegistration : Updating port to 8080
2026-07-06T23:21:38.051+02:00  INFO 2419 --- [infra-api-gateway] [           main] com.winx.gateway.GatewayApplication      : Started GatewayApplication in 2.572 seconds (process running for 2.76)
2026-07-06T23:21:38.085+02:00  INFO 2419 --- [infra-api-gateway] [nfoReplicator-0] com.netflix.discovery.DiscoveryClient    : DiscoveryClient_INFRA-API-GATEWAY/192.168.0.106:infra-api-gateway:8080 - registration status: 204
2026-07-06T23:21:40.371+02:00  INFO 2419 --- [infra-api-gateway] [nio-8080-exec-1] o.a.c.c.C.[Tomcat].[localhost].[/]       : Initializing Spring DispatcherServlet 'dispatcherServlet'
2026-07-06T23:21:40.371+02:00  INFO 2419 --- [infra-api-gateway] [nio-8080-exec-1] o.s.web.servlet.DispatcherServlet        : Initializing Servlet 'dispatcherServlet'
2026-07-06T23:21:40.372+02:00  INFO 2419 --- [infra-api-gateway] [nio-8080-exec-1] o.s.web.servlet.DispatcherServlet        : Completed initialization in 0 ms
2026-07-06T23:21:43.019+02:00  INFO 2419 --- [infra-api-gateway] [freshExecutor-0] com.netflix.discovery.DiscoveryClient    : Disable delta property : false
2026-07-06T23:21:43.020+02:00  INFO 2419 --- [infra-api-gateway] [freshExecutor-0] com.netflix.discovery.DiscoveryClient    : Single vip registry refresh property : null
2026-07-06T23:21:43.020+02:00  INFO 2419 --- [infra-api-gateway] [freshExecutor-0] com.netflix.discovery.DiscoveryClient    : Force full registry fetch : false
2026-07-06T23:21:43.020+02:00  INFO 2419 --- [infra-api-gateway] [freshExecutor-0] com.netflix.discovery.DiscoveryClient    : Application is null : false
2026-07-06T23:21:43.020+02:00  INFO 2419 --- [infra-api-gateway] [freshExecutor-0] com.netflix.discovery.DiscoveryClient    : Registered Applications size is zero : true
2026-07-06T23:21:43.020+02:00  INFO 2419 --- [infra-api-gateway] [freshExecutor-0] com.netflix.discovery.DiscoveryClient    : Application version is -1: false
2026-07-06T23:21:43.020+02:00  INFO 2419 --- [infra-api-gateway] [freshExecutor-0] com.netflix.discovery.DiscoveryClient    : Getting all instance registry info from the eureka server
2026-07-06T23:21:43.025+02:00  INFO 2419 --- [infra-api-gateway] [freshExecutor-0] com.netflix.discovery.DiscoveryClient    : The response status is 200
2026-07-06T23:21:48.029+02:00  INFO 2419 --- [infra-api-gateway] [freshExecutor-0] com.netflix.discovery.DiscoveryClient    : Disable delta property : false
2026-07-06T23:21:48.029+02:00  INFO 2419 --- [infra-api-gateway] [freshExecutor-0] com.netflix.discovery.DiscoveryClient    : Single vip registry refresh property : null
2026-07-06T23:21:48.029+02:00  INFO 2419 --- [infra-api-gateway] [freshExecutor-0] com.netflix.discovery.DiscoveryClient    : Force full registry fetch : false
2026-07-06T23:21:48.029+02:00  INFO 2419 --- [infra-api-gateway] [freshExecutor-0] com.netflix.discovery.DiscoveryClient    : Application is null : false
2026-07-06T23:21:48.029+02:00  INFO 2419 --- [infra-api-gateway] [freshExecutor-0] com.netflix.discovery.DiscoveryClient    : Registered Applications size is zero : true
2026-07-06T23:21:48.030+02:00  INFO 2419 --- [infra-api-gateway] [freshExecutor-0] com.netflix.discovery.DiscoveryClient    : Application version is -1: false
2026-07-06T23:21:48.030+02:00  INFO 2419 --- [infra-api-gateway] [freshExecutor-0] com.netflix.discovery.DiscoveryClient    : Getting all instance registry info from the eureka server
2026-07-06T23:21:48.035+02:00  INFO 2419 --- [infra-api-gateway] [freshExecutor-0] com.netflix.discovery.DiscoveryClient    : The response status is 200
2026-07-06T23:21:53.037+02:00  INFO 2419 --- [infra-api-gateway] [freshExecutor-0] com.netflix.discovery.DiscoveryClient    : Disable delta property : false
2026-07-06T23:21:53.038+02:00  INFO 2419 --- [infra-api-gateway] [freshExecutor-0] com.netflix.discovery.DiscoveryClient    : Single vip registry refresh property : null
2026-07-06T23:21:53.038+02:00  INFO 2419 --- [infra-api-gateway] [freshExecutor-0] com.netflix.discovery.DiscoveryClient    : Force full registry fetch : false
2026-07-06T23:21:53.038+02:00  INFO 2419 --- [infra-api-gateway] [freshExecutor-0] com.netflix.discovery.DiscoveryClient    : Application is null : false
2026-07-06T23:21:53.038+02:00  INFO 2419 --- [infra-api-gateway] [freshExecutor-0] com.netflix.discovery.DiscoveryClient    : Registered Applications size is zero : true
2026-07-06T23:21:53.038+02:00  INFO 2419 --- [infra-api-gateway] [freshExecutor-0] com.netflix.discovery.DiscoveryClient    : Application version is -1: false
2026-07-06T23:21:53.038+02:00  INFO 2419 --- [infra-api-gateway] [freshExecutor-0] com.netflix.discovery.DiscoveryClient    : Getting all instance registry info from the eureka server
2026-07-06T23:21:53.042+02:00  INFO 2419 --- [infra-api-gateway] [freshExecutor-0] com.netflix.discovery.DiscoveryClient    : The response status is 200
2026-07-06T23:21:58.046+02:00  INFO 2419 --- [infra-api-gateway] [freshExecutor-0] com.netflix.discovery.DiscoveryClient    : Disable delta property : false
2026-07-06T23:21:58.046+02:00  INFO 2419 --- [infra-api-gateway] [freshExecutor-0] com.netflix.discovery.DiscoveryClient    : Single vip registry refresh property : null
2026-07-06T23:21:58.046+02:00  INFO 2419 --- [infra-api-gateway] [freshExecutor-0] com.netflix.discovery.DiscoveryClient    : Force full registry fetch : false
2026-07-06T23:21:58.046+02:00  INFO 2419 --- [infra-api-gateway] [freshExecutor-0] com.netflix.discovery.DiscoveryClient    : Application is null : false
2026-07-06T23:21:58.046+02:00  INFO 2419 --- [infra-api-gateway] [freshExecutor-0] com.netflix.discovery.DiscoveryClient    : Registered Applications size is zero : true
2026-07-06T23:21:58.046+02:00  INFO 2419 --- [infra-api-gateway] [freshExecutor-0] com.netflix.discovery.DiscoveryClient    : Application version is -1: false
2026-07-06T23:21:58.046+02:00  INFO 2419 --- [infra-api-gateway] [freshExecutor-0] com.netflix.discovery.DiscoveryClient    : Getting all instance registry info from the eureka server
2026-07-06T23:21:58.050+02:00  INFO 2419 --- [infra-api-gateway] [freshExecutor-0] com.netflix.discovery.DiscoveryClient    : The response status is 200
2026-07-06T23:22:03.050+02:00  INFO 2419 --- [infra-api-gateway] [freshExecutor-0] com.netflix.discovery.DiscoveryClient    : Disable delta property : false
2026-07-06T23:22:03.051+02:00  INFO 2419 --- [infra-api-gateway] [freshExecutor-0] com.netflix.discovery.DiscoveryClient    : Single vip registry refresh property : null
2026-07-06T23:22:03.051+02:00  INFO 2419 --- [infra-api-gateway] [freshExecutor-0] com.netflix.discovery.DiscoveryClient    : Force full registry fetch : false
2026-07-06T23:22:03.051+02:00  INFO 2419 --- [infra-api-gateway] [freshExecutor-0] com.netflix.discovery.DiscoveryClient    : Application is null : false
2026-07-06T23:22:03.051+02:00  INFO 2419 --- [infra-api-gateway] [freshExecutor-0] com.netflix.discovery.DiscoveryClient    : Registered Applications size is zero : true
2026-07-06T23:22:03.051+02:00  INFO 2419 --- [infra-api-gateway] [freshExecutor-0] com.netflix.discovery.DiscoveryClient    : Application version is -1: false
2026-07-06T23:22:03.051+02:00  INFO 2419 --- [infra-api-gateway] [freshExecutor-0] com.netflix.discovery.DiscoveryClient    : Getting all instance registry info from the eureka server
2026-07-06T23:22:03.068+02:00  INFO 2419 --- [infra-api-gateway] [freshExecutor-0] com.netflix.discovery.DiscoveryClient    : The response status is 200
2026-07-06T23:22:50.473+02:00  INFO 2419 --- [infra-api-gateway] [ionShutdownHook] o.s.c.n.e.s.EurekaServiceRegistry        : Unregistering application INFRA-API-GATEWAY with eureka with status DOWN
2026-07-06T23:22:50.473+02:00  INFO 2419 --- [infra-api-gateway] [ionShutdownHook] com.netflix.discovery.DiscoveryClient    : Saw local status change event StatusChangeEvent [timestamp=1783372970473, current=DOWN, previous=UP]
2026-07-06T23:22:50.474+02:00  INFO 2419 --- [infra-api-gateway] [nfoReplicator-0] com.netflix.discovery.DiscoveryClient    : DiscoveryClient_INFRA-API-GATEWAY/192.168.0.106:infra-api-gateway:8080: registering service...
2026-07-06T23:22:50.485+02:00  INFO 2419 --- [infra-api-gateway] [nfoReplicator-0] c.n.d.s.t.d.RedirectingEurekaHttpClient  : Request execution error. endpoint=DefaultEndpoint{ serviceUrl='http://localhost:8761/eureka/} exception=I/O error on POST request for "http://localhost:8761/eureka/apps/INFRA-API-GATEWAY": localhost:8761 failed to respond stacktrace=org.springframework.web.client.ResourceAccessException: I/O error on POST request for "http://localhost:8761/eureka/apps/INFRA-API-GATEWAY": localhost:8761 failed to respond
	at org.springframework.web.client.RestTemplate.createResourceAccessException(RestTemplate.java:915)
	at org.springframework.web.client.RestTemplate.doExecute(RestTemplate.java:895)
	at org.springframework.web.client.RestTemplate.execute(RestTemplate.java:790)
	at org.springframework.web.client.RestTemplate.exchange(RestTemplate.java:672)
	at org.springframework.cloud.netflix.eureka.http.RestTemplateEurekaHttpClient.register(RestTemplateEurekaHttpClient.java:77)
	at com.netflix.discovery.shared.transport.decorator.EurekaHttpClientDecorator$1.execute(EurekaHttpClientDecorator.java:59)
	at com.netflix.discovery.shared.transport.decorator.RedirectingEurekaHttpClient.execute(RedirectingEurekaHttpClient.java:91)
	at com.netflix.discovery.shared.transport.decorator.EurekaHttpClientDecorator.register(EurekaHttpClientDecorator.java:56)
	at com.netflix.discovery.shared.transport.decorator.EurekaHttpClientDecorator$1.execute(EurekaHttpClientDecorator.java:59)
	at com.netflix.discovery.shared.transport.decorator.RetryableEurekaHttpClient.execute(RetryableEurekaHttpClient.java:120)
	at com.netflix.discovery.shared.transport.decorator.EurekaHttpClientDecorator.register(EurekaHttpClientDecorator.java:56)
	at com.netflix.discovery.shared.transport.decorator.EurekaHttpClientDecorator$1.execute(EurekaHttpClientDecorator.java:59)
	at com.netflix.discovery.shared.transport.decorator.SessionedEurekaHttpClient.execute(SessionedEurekaHttpClient.java:77)
	at com.netflix.discovery.shared.transport.decorator.EurekaHttpClientDecorator.register(EurekaHttpClientDecorator.java:56)
	at com.netflix.discovery.DiscoveryClient.register(DiscoveryClient.java:820)
	at com.netflix.discovery.InstanceInfoReplicator.run(InstanceInfoReplicator.java:121)
	at com.netflix.discovery.InstanceInfoReplicator$1.run(InstanceInfoReplicator.java:101)
	at java.base/java.util.concurrent.Executors$RunnableAdapter.call(Executors.java:572)
	at java.base/java.util.concurrent.FutureTask.run(FutureTask.java:317)
	at java.base/java.util.concurrent.ScheduledThreadPoolExecutor$ScheduledFutureTask.run(ScheduledThreadPoolExecutor.java:304)
	at java.base/java.util.concurrent.ThreadPoolExecutor.runWorker(ThreadPoolExecutor.java:1144)
	at java.base/java.util.concurrent.ThreadPoolExecutor$Worker.run(ThreadPoolExecutor.java:642)
	at java.base/java.lang.Thread.run(Thread.java:1583)
Caused by: org.apache.hc.core5.http.NoHttpResponseException: localhost:8761 failed to respond
	at org.apache.hc.core5.http.impl.io.DefaultBHttpClientConnection.receiveResponseHeader(DefaultBHttpClientConnection.java:301)
	at org.apache.hc.core5.http.impl.io.HttpRequestExecutor.execute(HttpRequestExecutor.java:175)
	at org.apache.hc.core5.http.impl.io.HttpRequestExecutor.execute(HttpRequestExecutor.java:218)
	at org.apache.hc.client5.http.impl.io.PoolingHttpClientConnectionManager$InternalConnectionEndpoint.execute(PoolingHttpClientConnectionManager.java:712)
	at org.apache.hc.client5.http.impl.classic.InternalExecRuntime.execute(InternalExecRuntime.java:216)
	at org.apache.hc.client5.http.impl.classic.MainClientExec.execute(MainClientExec.java:116)
	at org.apache.hc.client5.http.impl.classic.ExecChainElement.execute(ExecChainElement.java:51)
	at org.apache.hc.client5.http.impl.classic.ConnectExec.execute(ConnectExec.java:188)
	at org.apache.hc.client5.http.impl.classic.ExecChainElement.execute(ExecChainElement.java:51)
	at org.apache.hc.client5.http.impl.classic.ProtocolExec.execute(ProtocolExec.java:192)
	at org.apache.hc.client5.http.impl.classic.ExecChainElement.execute(ExecChainElement.java:51)
	at org.apache.hc.client5.http.impl.classic.HttpRequestRetryExec.execute(HttpRequestRetryExec.java:96)
	at org.apache.hc.client5.http.impl.classic.ExecChainElement.execute(ExecChainElement.java:51)
	at org.apache.hc.client5.http.impl.classic.ContentCompressionExec.execute(ContentCompressionExec.java:152)
	at org.apache.hc.client5.http.impl.classic.ExecChainElement.execute(ExecChainElement.java:51)
	at org.apache.hc.client5.http.impl.classic.RedirectExec.execute(RedirectExec.java:115)
	at org.apache.hc.client5.http.impl.classic.ExecChainElement.execute(ExecChainElement.java:51)
	at org.apache.hc.client5.http.impl.classic.InternalHttpClient.doExecute(InternalHttpClient.java:170)
	at org.apache.hc.client5.http.impl.classic.CloseableHttpClient.execute(CloseableHttpClient.java:87)
	at org.apache.hc.client5.http.impl.classic.CloseableHttpClient.execute(CloseableHttpClient.java:55)
	at org.apache.hc.client5.http.classic.HttpClient.executeOpen(HttpClient.java:183)
	at org.springframework.http.client.HttpComponentsClientHttpRequest.executeInternal(HttpComponentsClientHttpRequest.java:95)
	at org.springframework.http.client.AbstractStreamingClientHttpRequest.executeInternal(AbstractStreamingClientHttpRequest.java:70)
	at org.springframework.http.client.AbstractClientHttpRequest.execute(AbstractClientHttpRequest.java:66)
	at org.springframework.http.client.InterceptingClientHttpRequest$InterceptingRequestExecution.execute(InterceptingClientHttpRequest.java:112)
	at org.springframework.cloud.netflix.eureka.http.RestTemplateTransportClientFactory.lambda$restTemplate$0(RestTemplateTransportClientFactory.java:143)
	at org.springframework.http.client.InterceptingClientHttpRequest$InterceptingRequestExecution.execute(InterceptingClientHttpRequest.java:88)
	at org.springframework.http.client.InterceptingClientHttpRequest.executeInternal(InterceptingClientHttpRequest.java:72)
	at org.springframework.http.client.AbstractBufferingClientHttpRequest.executeInternal(AbstractBufferingClientHttpRequest.java:48)
	at org.springframework.http.client.AbstractClientHttpRequest.execute(AbstractClientHttpRequest.java:66)
	at org.springframework.web.client.RestTemplate.doExecute(RestTemplate.java:889)
	... 21 more

2026-07-06T23:22:50.486+02:00  WARN 2419 --- [infra-api-gateway] [nfoReplicator-0] c.n.d.s.t.d.RetryableEurekaHttpClient    : Request execution failed with message: I/O error on POST request for "http://localhost:8761/eureka/apps/INFRA-API-GATEWAY": localhost:8761 failed to respond
2026-07-06T23:22:50.489+02:00  INFO 2419 --- [infra-api-gateway] [nfoReplicator-0] c.n.d.s.t.d.RedirectingEurekaHttpClient  : Request execution error. endpoint=DefaultEndpoint{ serviceUrl='http://localhost:8761/eureka/}, exception=Connection pool shut down stacktrace=java.lang.IllegalStateException: Connection pool shut down
	at org.apache.hc.core5.util.Asserts.check(Asserts.java:38)
	at org.apache.hc.core5.pool.StrictConnPool.lease(StrictConnPool.java:176)
	at org.apache.hc.client5.http.impl.io.PoolingHttpClientConnectionManager.lease(PoolingHttpClientConnectionManager.java:298)
	at org.apache.hc.client5.http.impl.classic.InternalExecRuntime.acquireEndpoint(InternalExecRuntime.java:103)
	at org.apache.hc.client5.http.impl.classic.ConnectExec.execute(ConnectExec.java:125)
	at org.apache.hc.client5.http.impl.classic.ExecChainElement.execute(ExecChainElement.java:51)
	at org.apache.hc.client5.http.impl.classic.ProtocolExec.execute(ProtocolExec.java:192)
	at org.apache.hc.client5.http.impl.classic.ExecChainElement.execute(ExecChainElement.java:51)
	at org.apache.hc.client5.http.impl.classic.HttpRequestRetryExec.execute(HttpRequestRetryExec.java:96)
	at org.apache.hc.client5.http.impl.classic.ExecChainElement.execute(ExecChainElement.java:51)
	at org.apache.hc.client5.http.impl.classic.ContentCompressionExec.execute(ContentCompressionExec.java:152)
	at org.apache.hc.client5.http.impl.classic.ExecChainElement.execute(ExecChainElement.java:51)
	at org.apache.hc.client5.http.impl.classic.RedirectExec.execute(RedirectExec.java:115)
	at org.apache.hc.client5.http.impl.classic.ExecChainElement.execute(ExecChainElement.java:51)
	at org.apache.hc.client5.http.impl.classic.InternalHttpClient.doExecute(InternalHttpClient.java:170)
	at org.apache.hc.client5.http.impl.classic.CloseableHttpClient.execute(CloseableHttpClient.java:87)
	at org.apache.hc.client5.http.impl.classic.CloseableHttpClient.execute(CloseableHttpClient.java:55)
	at org.apache.hc.client5.http.classic.HttpClient.executeOpen(HttpClient.java:183)
	at org.springframework.http.client.HttpComponentsClientHttpRequest.executeInternal(HttpComponentsClientHttpRequest.java:95)
	at org.springframework.http.client.AbstractStreamingClientHttpRequest.executeInternal(AbstractStreamingClientHttpRequest.java:70)
	at org.springframework.http.client.AbstractClientHttpRequest.execute(AbstractClientHttpRequest.java:66)
	at org.springframework.http.client.InterceptingClientHttpRequest$InterceptingRequestExecution.execute(InterceptingClientHttpRequest.java:112)
	at org.springframework.cloud.netflix.eureka.http.RestTemplateTransportClientFactory.lambda$restTemplate$0(RestTemplateTransportClientFactory.java:143)
	at org.springframework.http.client.InterceptingClientHttpRequest$InterceptingRequestExecution.execute(InterceptingClientHttpRequest.java:88)
	at org.springframework.http.client.InterceptingClientHttpRequest.executeInternal(InterceptingClientHttpRequest.java:72)
	at org.springframework.http.client.AbstractBufferingClientHttpRequest.executeInternal(AbstractBufferingClientHttpRequest.java:48)
	at org.springframework.http.client.AbstractClientHttpRequest.execute(AbstractClientHttpRequest.java:66)
	at org.springframework.web.client.RestTemplate.doExecute(RestTemplate.java:889)
	at org.springframework.web.client.RestTemplate.execute(RestTemplate.java:790)
	at org.springframework.web.client.RestTemplate.exchange(RestTemplate.java:672)
	at org.springframework.cloud.netflix.eureka.http.RestTemplateEurekaHttpClient.register(RestTemplateEurekaHttpClient.java:77)
	at com.netflix.discovery.shared.transport.decorator.EurekaHttpClientDecorator$1.execute(EurekaHttpClientDecorator.java:59)
	at com.netflix.discovery.shared.transport.decorator.RedirectingEurekaHttpClient.executeOnNewServer(RedirectingEurekaHttpClient.java:121)
	at com.netflix.discovery.shared.transport.decorator.RedirectingEurekaHttpClient.execute(RedirectingEurekaHttpClient.java:80)
	at com.netflix.discovery.shared.transport.decorator.EurekaHttpClientDecorator.register(EurekaHttpClientDecorator.java:56)
	at com.netflix.discovery.shared.transport.decorator.EurekaHttpClientDecorator$1.execute(EurekaHttpClientDecorator.java:59)
	at com.netflix.discovery.shared.transport.decorator.RetryableEurekaHttpClient.execute(RetryableEurekaHttpClient.java:120)
	at com.netflix.discovery.shared.transport.decorator.EurekaHttpClientDecorator.register(EurekaHttpClientDecorator.java:56)
	at com.netflix.discovery.shared.transport.decorator.EurekaHttpClientDecorator$1.execute(EurekaHttpClientDecorator.java:59)
	at com.netflix.discovery.shared.transport.decorator.SessionedEurekaHttpClient.execute(SessionedEurekaHttpClient.java:77)
	at com.netflix.discovery.shared.transport.decorator.EurekaHttpClientDecorator.register(EurekaHttpClientDecorator.java:56)
	at com.netflix.discovery.DiscoveryClient.register(DiscoveryClient.java:820)
	at com.netflix.discovery.InstanceInfoReplicator.run(InstanceInfoReplicator.java:121)
	at com.netflix.discovery.InstanceInfoReplicator$1.run(InstanceInfoReplicator.java:101)
	at java.base/java.util.concurrent.Executors$RunnableAdapter.call(Executors.java:572)
	at java.base/java.util.concurrent.FutureTask.run(FutureTask.java:317)
	at java.base/java.util.concurrent.ScheduledThreadPoolExecutor$ScheduledFutureTask.run(ScheduledThreadPoolExecutor.java:304)
	at java.base/java.util.concurrent.ThreadPoolExecutor.runWorker(ThreadPoolExecutor.java:1144)
	at java.base/java.util.concurrent.ThreadPoolExecutor$Worker.run(ThreadPoolExecutor.java:642)
	at java.base/java.lang.Thread.run(Thread.java:1583)

2026-07-06T23:22:50.490+02:00  WARN 2419 --- [infra-api-gateway] [nfoReplicator-0] c.n.d.s.t.d.RetryableEurekaHttpClient    : Request execution failed with message: Connection pool shut down
2026-07-06T23:22:50.490+02:00  WARN 2419 --- [infra-api-gateway] [nfoReplicator-0] com.netflix.discovery.DiscoveryClient    : DiscoveryClient_INFRA-API-GATEWAY/192.168.0.106:infra-api-gateway:8080 - registration failed Cannot execute request on any known server

com.netflix.discovery.shared.transport.TransportException: Cannot execute request on any known server
	at com.netflix.discovery.shared.transport.decorator.RetryableEurekaHttpClient.execute(RetryableEurekaHttpClient.java:112) ~[eureka-client-2.0.2.jar:2.0.2]
	at com.netflix.discovery.shared.transport.decorator.EurekaHttpClientDecorator.register(EurekaHttpClientDecorator.java:56) ~[eureka-client-2.0.2.jar:2.0.2]
	at com.netflix.discovery.shared.transport.decorator.EurekaHttpClientDecorator$1.execute(EurekaHttpClientDecorator.java:59) ~[eureka-client-2.0.2.jar:2.0.2]
	at com.netflix.discovery.shared.transport.decorator.SessionedEurekaHttpClient.execute(SessionedEurekaHttpClient.java:77) ~[eureka-client-2.0.2.jar:2.0.2]
	at com.netflix.discovery.shared.transport.decorator.EurekaHttpClientDecorator.register(EurekaHttpClientDecorator.java:56) ~[eureka-client-2.0.2.jar:2.0.2]
	at com.netflix.discovery.DiscoveryClient.register(DiscoveryClient.java:820) ~[eureka-client-2.0.2.jar:2.0.2]
	at com.netflix.discovery.InstanceInfoReplicator.run(InstanceInfoReplicator.java:121) ~[eureka-client-2.0.2.jar:2.0.2]
	at com.netflix.discovery.InstanceInfoReplicator$1.run(InstanceInfoReplicator.java:101) ~[eureka-client-2.0.2.jar:2.0.2]
	at java.base/java.util.concurrent.Executors$RunnableAdapter.call(Executors.java:572) ~[na:na]
	at java.base/java.util.concurrent.FutureTask.run(FutureTask.java:317) ~[na:na]
	at java.base/java.util.concurrent.ScheduledThreadPoolExecutor$ScheduledFutureTask.run(ScheduledThreadPoolExecutor.java:304) ~[na:na]
	at java.base/java.util.concurrent.ThreadPoolExecutor.runWorker(ThreadPoolExecutor.java:1144) ~[na:na]
	at java.base/java.util.concurrent.ThreadPoolExecutor$Worker.run(ThreadPoolExecutor.java:642) ~[na:na]
	at java.base/java.lang.Thread.run(Thread.java:1583) ~[na:na]

2026-07-06T23:22:50.491+02:00  WARN 2419 --- [infra-api-gateway] [nfoReplicator-0] c.n.discovery.InstanceInfoReplicator     : There was a problem with the instance info replicator

com.netflix.discovery.shared.transport.TransportException: Cannot execute request on any known server
	at com.netflix.discovery.shared.transport.decorator.RetryableEurekaHttpClient.execute(RetryableEurekaHttpClient.java:112) ~[eureka-client-2.0.2.jar:2.0.2]
	at com.netflix.discovery.shared.transport.decorator.EurekaHttpClientDecorator.register(EurekaHttpClientDecorator.java:56) ~[eureka-client-2.0.2.jar:2.0.2]
	at com.netflix.discovery.shared.transport.decorator.EurekaHttpClientDecorator$1.execute(EurekaHttpClientDecorator.java:59) ~[eureka-client-2.0.2.jar:2.0.2]
	at com.netflix.discovery.shared.transport.decorator.SessionedEurekaHttpClient.execute(SessionedEurekaHttpClient.java:77) ~[eureka-client-2.0.2.jar:2.0.2]
	at com.netflix.discovery.shared.transport.decorator.EurekaHttpClientDecorator.register(EurekaHttpClientDecorator.java:56) ~[eureka-client-2.0.2.jar:2.0.2]
	at com.netflix.discovery.DiscoveryClient.register(DiscoveryClient.java:820) ~[eureka-client-2.0.2.jar:2.0.2]
	at com.netflix.discovery.InstanceInfoReplicator.run(InstanceInfoReplicator.java:121) ~[eureka-client-2.0.2.jar:2.0.2]
	at com.netflix.discovery.InstanceInfoReplicator$1.run(InstanceInfoReplicator.java:101) ~[eureka-client-2.0.2.jar:2.0.2]
	at java.base/java.util.concurrent.Executors$RunnableAdapter.call(Executors.java:572) ~[na:na]
	at java.base/java.util.concurrent.FutureTask.run(FutureTask.java:317) ~[na:na]
	at java.base/java.util.concurrent.ScheduledThreadPoolExecutor$ScheduledFutureTask.run(ScheduledThreadPoolExecutor.java:304) ~[na:na]
	at java.base/java.util.concurrent.ThreadPoolExecutor.runWorker(ThreadPoolExecutor.java:1144) ~[na:na]
	at java.base/java.util.concurrent.ThreadPoolExecutor$Worker.run(ThreadPoolExecutor.java:642) ~[na:na]
	at java.base/java.lang.Thread.run(Thread.java:1583) ~[na:na]

2026-07-06T23:22:50.491+02:00  INFO 2419 --- [infra-api-gateway] [ionShutdownHook] com.netflix.discovery.DiscoveryClient    : Shutting down DiscoveryClient ...
[ERROR] Failed to execute goal org.springframework.boot:spring-boot-maven-plugin:3.2.5:run (default-cli) on project infra-api-gateway: Process terminated with exit code: 137 -> [Help 1]
[ERROR] 
[ERROR] To see the full stack trace of the errors, re-run Maven with the -e switch.
[ERROR] Re-run Maven using the -X switch to enable full debug logging.
[ERROR] 
[ERROR] For more information about the errors and possible solutions, please read the following articles:
[ERROR] [Help 1] http://cwiki.apache.org/confluence/display/MAVEN/MojoExecutionException
