
  .   ____          _            __ _ _
 /\\ / ___'_ __ _ _(_)_ __  __ _ \ \ \ \
( ( )\___ | '_ | '_| | '_ \/ _` | \ \ \ \
 \\/  ___)| |_)| | | | | || (_| |  ) ) ) )
  '  |____| .__|_| |_|_| |_\__, | / / / /
 =========|_|==============|___/=/_/_/_/
 :: Spring Boot ::                (v3.2.5)

2026-07-06T23:21:29.548+02:00  INFO 1669 --- [infra-config-server] [           main] c.w.c.ConfigServerApplication            : Starting ConfigServerApplication using Java 21.0.11 with PID 1669 (/Users/maede/Library/CloudStorage/OneDrive-FHDortmund/UNI/DMSA/Project/TheWinx/Assignment05/Task2/infra-config-server/target/classes started by maede in /Users/maede/Library/CloudStorage/OneDrive-FHDortmund/UNI/DMSA/Project/TheWinx/Assignment05/Task2/infra-config-server)
2026-07-06T23:21:29.549+02:00  INFO 1669 --- [infra-config-server] [           main] c.w.c.ConfigServerApplication            : The following 1 profile is active: "native"
2026-07-06T23:21:29.877+02:00  INFO 1669 --- [infra-config-server] [           main] o.s.cloud.context.scope.GenericScope     : BeanFactory id=d19dc157-9c48-36f4-bcaa-d2dcf5d197be
2026-07-06T23:21:29.968+02:00  INFO 1669 --- [infra-config-server] [           main] o.s.b.w.embedded.tomcat.TomcatWebServer  : Tomcat initialized with port 8888 (http)
2026-07-06T23:21:29.972+02:00  INFO 1669 --- [infra-config-server] [           main] o.apache.catalina.core.StandardService   : Starting service [Tomcat]
2026-07-06T23:21:29.973+02:00  INFO 1669 --- [infra-config-server] [           main] o.apache.catalina.core.StandardEngine    : Starting Servlet engine: [Apache Tomcat/10.1.20]
2026-07-06T23:21:29.992+02:00  INFO 1669 --- [infra-config-server] [           main] o.a.c.c.C.[Tomcat].[localhost].[/]       : Initializing Spring embedded WebApplicationContext
2026-07-06T23:21:29.993+02:00  INFO 1669 --- [infra-config-server] [           main] w.s.c.ServletWebServerApplicationContext : Root WebApplicationContext: initialization completed in 431 ms
2026-07-06T23:21:30.270+02:00  INFO 1669 --- [infra-config-server] [           main] o.s.b.w.embedded.tomcat.TomcatWebServer  : Tomcat started on port 8888 (http) with context path ''
2026-07-06T23:21:30.293+02:00  INFO 1669 --- [infra-config-server] [           main] o.s.b.w.embedded.tomcat.TomcatWebServer  : Tomcat initialized with port 8889 (http)
2026-07-06T23:21:30.294+02:00  INFO 1669 --- [infra-config-server] [           main] o.apache.catalina.core.StandardService   : Starting service [Tomcat]
2026-07-06T23:21:30.294+02:00  INFO 1669 --- [infra-config-server] [           main] o.apache.catalina.core.StandardEngine    : Starting Servlet engine: [Apache Tomcat/10.1.20]
2026-07-06T23:21:30.300+02:00  INFO 1669 --- [infra-config-server] [           main] o.a.c.c.C.[Tomcat-1].[localhost].[/]     : Initializing Spring embedded WebApplicationContext
2026-07-06T23:21:30.300+02:00  INFO 1669 --- [infra-config-server] [           main] w.s.c.ServletWebServerApplicationContext : Root WebApplicationContext: initialization completed in 27 ms
2026-07-06T23:21:30.307+02:00  INFO 1669 --- [infra-config-server] [           main] o.s.b.a.e.web.EndpointLinksResolver      : Exposing 2 endpoint(s) beneath base path '/actuator'
2026-07-06T23:21:30.319+02:00  INFO 1669 --- [infra-config-server] [           main] o.s.b.w.embedded.tomcat.TomcatWebServer  : Tomcat started on port 8889 (http) with context path ''
2026-07-06T23:21:30.328+02:00  INFO 1669 --- [infra-config-server] [           main] c.w.c.ConfigServerApplication            : Started ConfigServerApplication in 0.938 seconds (process running for 1.117)
2026-07-06T23:21:31.000+02:00  INFO 1669 --- [infra-config-server] [nio-8889-exec-1] o.a.c.c.C.[Tomcat-1].[localhost].[/]     : Initializing Spring DispatcherServlet 'dispatcherServletRegistration'
2026-07-06T23:21:31.000+02:00  INFO 1669 --- [infra-config-server] [nio-8889-exec-1] o.s.web.servlet.DispatcherServlet        : Initializing Servlet 'dispatcherServletRegistration'
2026-07-06T23:21:31.000+02:00  INFO 1669 --- [infra-config-server] [nio-8889-exec-1] o.s.web.servlet.DispatcherServlet        : Completed initialization in 0 ms
2026-07-06T23:21:31.018+02:00  INFO 1669 --- [infra-config-server] [nio-8889-exec-1] o.s.c.c.s.e.NativeEnvironmentRepository  : Adding property source: Config resource 'file [../config/application.yml]' via location 'file:../config/'
2026-07-06T23:21:35.433+02:00  INFO 1669 --- [infra-config-server] [nio-8888-exec-1] o.a.c.c.C.[Tomcat].[localhost].[/]       : Initializing Spring DispatcherServlet 'dispatcherServlet'
2026-07-06T23:21:35.433+02:00  INFO 1669 --- [infra-config-server] [nio-8888-exec-1] o.s.web.servlet.DispatcherServlet        : Initializing Servlet 'dispatcherServlet'
2026-07-06T23:21:35.434+02:00  INFO 1669 --- [infra-config-server] [nio-8888-exec-1] o.s.web.servlet.DispatcherServlet        : Completed initialization in 1 ms
2026-07-06T23:21:35.449+02:00  INFO 1669 --- [infra-config-server] [nio-8888-exec-1] o.s.c.c.s.e.NativeEnvironmentRepository  : Adding property source: Config resource 'file [../config/bc05-rating.yml]' via location 'file:../config/'
2026-07-06T23:21:35.449+02:00  INFO 1669 --- [infra-config-server] [nio-8888-exec-1] o.s.c.c.s.e.NativeEnvironmentRepository  : Adding property source: Config resource 'file [../config/application.yml]' via location 'file:../config/'
2026-07-06T23:21:35.581+02:00  INFO 1669 --- [infra-config-server] [nio-8888-exec-2] o.s.c.c.s.e.NativeEnvironmentRepository  : Adding property source: Config resource 'file [../config/application.yml]' via location 'file:../config/'
2026-07-06T23:21:35.713+02:00  INFO 1669 --- [infra-config-server] [nio-8888-exec-3] o.s.c.c.s.e.NativeEnvironmentRepository  : Adding property source: Config resource 'file [../config/bc04-payment.yml]' via location 'file:../config/'
2026-07-06T23:21:35.713+02:00  INFO 1669 --- [infra-config-server] [nio-8888-exec-3] o.s.c.c.s.e.NativeEnvironmentRepository  : Adding property source: Config resource 'file [../config/application.yml]' via location 'file:../config/'
2026-07-06T23:21:35.754+02:00  INFO 1669 --- [infra-config-server] [nio-8888-exec-4] o.s.c.c.s.e.NativeEnvironmentRepository  : Adding property source: Config resource 'file [../config/bc03-booking.yml]' via location 'file:../config/'
2026-07-06T23:21:35.754+02:00  INFO 1669 --- [infra-config-server] [nio-8888-exec-4] o.s.c.c.s.e.NativeEnvironmentRepository  : Adding property source: Config resource 'file [../config/application.yml]' via location 'file:../config/'
2026-07-06T23:21:35.849+02:00  INFO 1669 --- [infra-config-server] [nio-8888-exec-5] o.s.c.c.s.e.NativeEnvironmentRepository  : Adding property source: Config resource 'file [../config/application.yml]' via location 'file:../config/'
2026-07-06T23:21:35.905+02:00  INFO 1669 --- [infra-config-server] [nio-8888-exec-6] o.s.c.c.s.e.NativeEnvironmentRepository  : Adding property source: Config resource 'file [../config/application.yml]' via location 'file:../config/'
[ERROR] Failed to execute goal org.springframework.boot:spring-boot-maven-plugin:3.2.5:run (default-cli) on project infra-config-server: Process terminated with exit code: 143 -> [Help 1]
[ERROR] 
[ERROR] To see the full stack trace of the errors, re-run Maven with the -e switch.
[ERROR] Re-run Maven using the -X switch to enable full debug logging.
[ERROR] 
[ERROR] For more information about the errors and possible solutions, please read the following articles:
[ERROR] [Help 1] http://cwiki.apache.org/confluence/display/MAVEN/MojoExecutionException
