
  .   ____          _            __ _ _
 /\\ / ___'_ __ _ _(_)_ __  __ _ \ \ \ \
( ( )\___ | '_ | '_| | '_ \/ _` | \ \ \ \
 \\/  ___)| |_)| | | | | || (_| |  ) ) ) )
  '  |____| .__|_| |_|_| |_\__, | / / / /
 =========|_|==============|___/=/_/_/_/
 :: Spring Boot ::                (v3.2.5)

2026-07-06T22:52:35.720+02:00  INFO 93478 --- [bc04-payment] [           main] com.winx.payment.PaymentApplication      : Starting PaymentApplication using Java 21.0.11 with PID 93478 (/Users/maede/Library/CloudStorage/OneDrive-FHDortmund/UNI/DMSA/Project/TheWinx/Assignment05/Task1/bc04-payment/target/classes started by maede in /Users/maede/Library/CloudStorage/OneDrive-FHDortmund/UNI/DMSA/Project/TheWinx/Assignment05/Task1/bc04-payment)
2026-07-06T22:52:35.723+02:00  INFO 93478 --- [bc04-payment] [           main] com.winx.payment.PaymentApplication      : No active profile set, falling back to 1 default profile: "default"
2026-07-06T22:52:36.364+02:00  INFO 93478 --- [bc04-payment] [           main] .s.d.r.c.RepositoryConfigurationDelegate : Bootstrapping Spring Data JPA repositories in DEFAULT mode.
2026-07-06T22:52:36.387+02:00  INFO 93478 --- [bc04-payment] [           main] .s.d.r.c.RepositoryConfigurationDelegate : Finished Spring Data repository scanning in 19 ms. Found 1 JPA repository interface.
2026-07-06T22:52:36.787+02:00  INFO 93478 --- [bc04-payment] [           main] o.s.b.w.embedded.tomcat.TomcatWebServer  : Tomcat initialized with port 8084 (http)
2026-07-06T22:52:36.792+02:00  INFO 93478 --- [bc04-payment] [           main] o.apache.catalina.core.StandardService   : Starting service [Tomcat]
2026-07-06T22:52:36.792+02:00  INFO 93478 --- [bc04-payment] [           main] o.apache.catalina.core.StandardEngine    : Starting Servlet engine: [Apache Tomcat/10.1.20]
2026-07-06T22:52:36.835+02:00  INFO 93478 --- [bc04-payment] [           main] o.a.c.c.C.[Tomcat].[localhost].[/]       : Initializing Spring embedded WebApplicationContext
2026-07-06T22:52:36.835+02:00  INFO 93478 --- [bc04-payment] [           main] w.s.c.ServletWebServerApplicationContext : Root WebApplicationContext: initialization completed in 1061 ms
2026-07-06T22:52:36.938+02:00  INFO 93478 --- [bc04-payment] [           main] com.zaxxer.hikari.HikariDataSource       : HikariPool-1 - Starting...
2026-07-06T22:52:37.049+02:00  INFO 93478 --- [bc04-payment] [           main] com.zaxxer.hikari.pool.HikariPool        : HikariPool-1 - Added connection conn0: url=jdbc:h2:mem:paymentdb user=SA
2026-07-06T22:52:37.050+02:00  INFO 93478 --- [bc04-payment] [           main] com.zaxxer.hikari.HikariDataSource       : HikariPool-1 - Start completed.
2026-07-06T22:52:37.059+02:00  INFO 93478 --- [bc04-payment] [           main] o.s.b.a.h2.H2ConsoleAutoConfiguration    : H2 console available at '/h2-console'. Database available at 'jdbc:h2:mem:paymentdb'
2026-07-06T22:52:37.272+02:00  INFO 93478 --- [bc04-payment] [           main] o.hibernate.jpa.internal.util.LogHelper  : HHH000204: Processing PersistenceUnitInfo [name: default]
2026-07-06T22:52:37.305+02:00  INFO 93478 --- [bc04-payment] [           main] org.hibernate.Version                    : HHH000412: Hibernate ORM core version 6.4.4.Final
2026-07-06T22:52:37.324+02:00  INFO 93478 --- [bc04-payment] [           main] o.h.c.internal.RegionFactoryInitiator    : HHH000026: Second-level cache disabled
2026-07-06T22:52:37.427+02:00  INFO 93478 --- [bc04-payment] [           main] o.s.o.j.p.SpringPersistenceUnitInfo      : No LoadTimeWeaver setup: ignoring JPA class transformer
2026-07-06T22:52:37.873+02:00  INFO 93478 --- [bc04-payment] [           main] o.h.e.t.j.p.i.JtaPlatformInitiator       : HHH000489: No JTA platform available (set 'hibernate.transaction.jta.platform' to enable JTA platform integration)
2026-07-06T22:52:37.904+02:00  INFO 93478 --- [bc04-payment] [           main] j.LocalContainerEntityManagerFactoryBean : Initialized JPA EntityManagerFactory for persistence unit 'default'
2026-07-06T22:52:38.599+02:00  INFO 93478 --- [bc04-payment] [           main] o.s.b.a.e.web.EndpointLinksResolver      : Exposing 2 endpoint(s) beneath base path '/actuator'
2026-07-06T22:52:38.647+02:00  INFO 93478 --- [bc04-payment] [           main] o.s.b.w.embedded.tomcat.TomcatWebServer  : Tomcat started on port 8084 (http) with context path ''
2026-07-06T22:52:38.655+02:00  INFO 93478 --- [bc04-payment] [           main] com.winx.payment.PaymentApplication      : Started PaymentApplication in 3.204 seconds (process running for 3.407)
2026-07-06T22:52:38.715+02:00  INFO 93478 --- [bc04-payment] [           main] c.w.p.d.s.PaymentProcessingService       : Domain event: PaymentInitiated[paymentId=1, bookingId=1001, amount=25.00]
2026-07-06T22:52:38.716+02:00  INFO 93478 --- [bc04-payment] [           main] c.w.p.d.s.PaymentProcessingService       : Domain event: PaymentSucceeded[paymentId=1, paidAt=2026-07-06T22:52:38.716054]
2026-07-06T22:52:38.726+02:00  INFO 93478 --- [bc04-payment] [           main] c.winx.payment.config.PaymentSeedData    : Seed payment created: id=1, bookingId=1001, status=PAID
2026-07-06T22:52:38.727+02:00  INFO 93478 --- [bc04-payment] [           main] c.w.p.d.s.PaymentProcessingService       : Domain event: PaymentInitiated[paymentId=2, bookingId=1002, amount=15.00]
2026-07-06T22:52:38.727+02:00  INFO 93478 --- [bc04-payment] [           main] c.w.p.d.s.PaymentProcessingService       : Domain event: PaymentFailed[paymentId=2, reason=Card declined (simulated)]
2026-07-06T22:52:38.728+02:00  INFO 93478 --- [bc04-payment] [           main] c.winx.payment.config.PaymentSeedData    : Seed payment created: id=2, bookingId=1002, status=FAILED
2026-07-06T22:52:38.729+02:00  INFO 93478 --- [bc04-payment] [           main] c.w.p.d.s.PaymentProcessingService       : Domain event: PaymentInitiated[paymentId=3, bookingId=1003, amount=42.50]
2026-07-06T22:52:38.729+02:00  INFO 93478 --- [bc04-payment] [           main] c.w.p.d.s.PaymentProcessingService       : Domain event: PaymentSucceeded[paymentId=3, paidAt=2026-07-06T22:52:38.729798]
2026-07-06T22:52:38.731+02:00  INFO 93478 --- [bc04-payment] [           main] c.winx.payment.config.PaymentSeedData    : Seed payment created: id=3, bookingId=1003, status=PAID
2026-07-06T22:52:40.591+02:00  INFO 93478 --- [bc04-payment] [nio-8084-exec-2] o.a.c.c.C.[Tomcat].[localhost].[/]       : Initializing Spring DispatcherServlet 'dispatcherServlet'
2026-07-06T22:52:40.591+02:00  INFO 93478 --- [bc04-payment] [nio-8084-exec-2] o.s.web.servlet.DispatcherServlet        : Initializing Servlet 'dispatcherServlet'
2026-07-06T22:52:40.592+02:00  INFO 93478 --- [bc04-payment] [nio-8084-exec-2] o.s.web.servlet.DispatcherServlet        : Completed initialization in 0 ms
2026-07-06T22:53:13.735+02:00  INFO 93478 --- [bc04-payment] [ionShutdownHook] j.LocalContainerEntityManagerFactoryBean : Closing JPA EntityManagerFactory for persistence unit 'default'
2026-07-06T22:53:13.736+02:00  INFO 93478 --- [bc04-payment] [ionShutdownHook] com.zaxxer.hikari.HikariDataSource       : HikariPool-1 - Shutdown initiated...
2026-07-06T22:53:13.737+02:00  INFO 93478 --- [bc04-payment] [ionShutdownHook] com.zaxxer.hikari.HikariDataSource       : HikariPool-1 - Shutdown completed.
[ERROR] Failed to execute goal org.springframework.boot:spring-boot-maven-plugin:3.2.5:run (default-cli) on project bc04-payment: Process terminated with exit code: 143 -> [Help 1]
[ERROR] 
[ERROR] To see the full stack trace of the errors, re-run Maven with the -e switch.
[ERROR] Re-run Maven using the -X switch to enable full debug logging.
[ERROR] 
[ERROR] For more information about the errors and possible solutions, please read the following articles:
[ERROR] [Help 1] http://cwiki.apache.org/confluence/display/MAVEN/MojoExecutionException
